Archive member included to satisfy reference by file (symbol)

d:/iti courses/armarcitecture/arm_training/arm tools iti/arm gcc/bin/../lib/gcc/arm-none-eabi/5.4.1/../../../../arm-none-eabi/lib/armv7-m\libg_nano.a(lib_a-errno.o)
                              ./system/src/newlib/_sbrk.o (__errno)
d:/iti courses/armarcitecture/arm_training/arm tools iti/arm gcc/bin/../lib/gcc/arm-none-eabi/5.4.1/../../../../arm-none-eabi/lib/armv7-m\libg_nano.a(lib_a-impure.o)
                              d:/iti courses/armarcitecture/arm_training/arm tools iti/arm gcc/bin/../lib/gcc/arm-none-eabi/5.4.1/../../../../arm-none-eabi/lib/armv7-m\libg_nano.a(lib_a-errno.o) (_impure_ptr)
d:/iti courses/armarcitecture/arm_training/arm tools iti/arm gcc/bin/../lib/gcc/arm-none-eabi/5.4.1/../../../../arm-none-eabi/lib/armv7-m\libg_nano.a(lib_a-strlen.o)
                              ./system/src/diag/Trace.o (strlen)
d:/iti courses/armarcitecture/arm_training/arm tools iti/arm gcc/bin/../lib/gcc/arm-none-eabi/5.4.1/../../../../arm-none-eabi/lib/armv7-m\libg_nano.a(lib_a-vsnprintf.o)
                              ./system/src/diag/Trace.o (vsnprintf)
d:/iti courses/armarcitecture/arm_training/arm tools iti/arm gcc/bin/../lib/gcc/arm-none-eabi/5.4.1/../../../../arm-none-eabi/lib/armv7-m\libg_nano.a(lib_a-nano-svfprintf.o)
                              d:/iti courses/armarcitecture/arm_training/arm tools iti/arm gcc/bin/../lib/gcc/arm-none-eabi/5.4.1/../../../../arm-none-eabi/lib/armv7-m\libg_nano.a(lib_a-vsnprintf.o) (_svfprintf_r)
d:/iti courses/armarcitecture/arm_training/arm tools iti/arm gcc/bin/../lib/gcc/arm-none-eabi/5.4.1/../../../../arm-none-eabi/lib/armv7-m\libg_nano.a(lib_a-nano-vfprintf_i.o)
                              d:/iti courses/armarcitecture/arm_training/arm tools iti/arm gcc/bin/../lib/gcc/arm-none-eabi/5.4.1/../../../../arm-none-eabi/lib/armv7-m\libg_nano.a(lib_a-nano-svfprintf.o) (_printf_i)
d:/iti courses/armarcitecture/arm_training/arm tools iti/arm gcc/bin/../lib/gcc/arm-none-eabi/5.4.1/../../../../arm-none-eabi/lib/armv7-m\libg_nano.a(lib_a-memchr-stub.o)
                              d:/iti courses/armarcitecture/arm_training/arm tools iti/arm gcc/bin/../lib/gcc/arm-none-eabi/5.4.1/../../../../arm-none-eabi/lib/armv7-m\libg_nano.a(lib_a-nano-svfprintf.o) (memchr)
d:/iti courses/armarcitecture/arm_training/arm tools iti/arm gcc/bin/../lib/gcc/arm-none-eabi/5.4.1/../../../../arm-none-eabi/lib/armv7-m\libg_nano.a(lib_a-memcpy-stub.o)
                              d:/iti courses/armarcitecture/arm_training/arm tools iti/arm gcc/bin/../lib/gcc/arm-none-eabi/5.4.1/../../../../arm-none-eabi/lib/armv7-m\libg_nano.a(lib_a-nano-svfprintf.o) (memcpy)
d:/iti courses/armarcitecture/arm_training/arm tools iti/arm gcc/bin/../lib/gcc/arm-none-eabi/5.4.1/../../../../arm-none-eabi/lib/armv7-m\libg_nano.a(lib_a-memmove.o)
                              d:/iti courses/armarcitecture/arm_training/arm tools iti/arm gcc/bin/../lib/gcc/arm-none-eabi/5.4.1/../../../../arm-none-eabi/lib/armv7-m\libg_nano.a(lib_a-nano-svfprintf.o) (memmove)
d:/iti courses/armarcitecture/arm_training/arm tools iti/arm gcc/bin/../lib/gcc/arm-none-eabi/5.4.1/../../../../arm-none-eabi/lib/armv7-m\libg_nano.a(lib_a-nano-freer.o)
                              d:/iti courses/armarcitecture/arm_training/arm tools iti/arm gcc/bin/../lib/gcc/arm-none-eabi/5.4.1/../../../../arm-none-eabi/lib/armv7-m\libg_nano.a(lib_a-nano-svfprintf.o) (_free_r)
d:/iti courses/armarcitecture/arm_training/arm tools iti/arm gcc/bin/../lib/gcc/arm-none-eabi/5.4.1/../../../../arm-none-eabi/lib/armv7-m\libg_nano.a(lib_a-nano-mallocr.o)
                              d:/iti courses/armarcitecture/arm_training/arm tools iti/arm gcc/bin/../lib/gcc/arm-none-eabi/5.4.1/../../../../arm-none-eabi/lib/armv7-m\libg_nano.a(lib_a-nano-svfprintf.o) (_malloc_r)
d:/iti courses/armarcitecture/arm_training/arm tools iti/arm gcc/bin/../lib/gcc/arm-none-eabi/5.4.1/../../../../arm-none-eabi/lib/armv7-m\libg_nano.a(lib_a-nano-reallocr.o)
                              d:/iti courses/armarcitecture/arm_training/arm tools iti/arm gcc/bin/../lib/gcc/arm-none-eabi/5.4.1/../../../../arm-none-eabi/lib/armv7-m\libg_nano.a(lib_a-nano-svfprintf.o) (_realloc_r)
d:/iti courses/armarcitecture/arm_training/arm tools iti/arm gcc/bin/../lib/gcc/arm-none-eabi/5.4.1/../../../../arm-none-eabi/lib/armv7-m\libg_nano.a(lib_a-sbrkr.o)
                              d:/iti courses/armarcitecture/arm_training/arm tools iti/arm gcc/bin/../lib/gcc/arm-none-eabi/5.4.1/../../../../arm-none-eabi/lib/armv7-m\libg_nano.a(lib_a-nano-mallocr.o) (_sbrk_r)
d:/iti courses/armarcitecture/arm_training/arm tools iti/arm gcc/bin/../lib/gcc/arm-none-eabi/5.4.1/../../../../arm-none-eabi/lib/armv7-m\libg_nano.a(lib_a-mlock.o)
                              d:/iti courses/armarcitecture/arm_training/arm tools iti/arm gcc/bin/../lib/gcc/arm-none-eabi/5.4.1/../../../../arm-none-eabi/lib/armv7-m\libg_nano.a(lib_a-nano-freer.o) (__malloc_lock)
[...]
Memory Configuration

Name             Origin             Length             Attributes
RAM              0x20000000         0x00005000         xrw
CCMRAM           0x00000000         0x00000000         xrw
FLASH            0x08000000         0x00010000         xr
FLASHB1          0x00000000         0x00000000         xr
EXTMEMB0         0x00000000         0x00000000         xr
EXTMEMB1         0x00000000         0x00000000         xr
EXTMEMB2         0x00000000         0x00000000         xr
EXTMEMB3         0x00000000         0x00000000         xr
MEMORY_ARRAY     0x00000000         0x00000000         xrw
*default*        0x00000000         0xffffffff

Linker script and memory map

LOAD ./system/src/stm32f1-stdperiph/misc.o
LOAD ./system/src/stm32f1-stdperiph/stm32f10x_gpio.o
LOAD ./system/src/stm32f1-stdperiph/stm32f10x_rcc.o
LOAD ./system/src/newlib/_cxx.o
LOAD ./system/src/newlib/_exit.o
LOAD ./system/src/newlib/_sbrk.o
LOAD ./system/src/newlib/_startup.o
LOAD ./system/src/newlib/_syscalls.o
LOAD ./system/src/newlib/assert.o
LOAD ./system/src/diag/Trace.o
LOAD ./system/src/diag/trace_impl.o
LOAD ./system/src/cortexm/_initialize_hardware.o
LOAD ./system/src/cortexm/_reset_hardware.o
LOAD ./system/src/cortexm/exception_handlers.o
LOAD ./system/src/cmsis/system_stm32f10x.o
LOAD ./system/src/cmsis/vectors_stm32f10x.o
LOAD ./05-OS/SCHEDULER_config.o
LOAD ./05-OS/SCHEDULER_program.o
LOAD ./03-APP/main.o
LOAD ./02-HAL/02-HCLCD/HCLCD_program.o
LOAD ./02-HAL/01-SWITCH/SWITCH_config.o
LOAD ./02-HAL/01-SWITCH/SWITCH_program.o
LOAD ./01-MCAL/05-UART/UART_program.o
LOAD ./01-MCAL/04-SYSTIC/SYSTICK_program.o
LOAD ./01-MCAL/03-NVIC/NVIC_program.o
LOAD ./01-MCAL/02-GPIO/GPIO_program.o
LOAD ./01-MCAL/01-RCC/RCC_program.o
LOAD d:/iti courses/armarcitecture/arm_training/arm tools iti/arm gcc/bin/../lib/gcc/arm-none-eabi/5.4.1/../../../../arm-none-eabi/lib/armv7-m\libstdc++_nano.a
LOAD d:/iti courses/armarcitecture/arm_training/arm tools iti/arm gcc/bin/../lib/gcc/arm-none-eabi/5.4.1/../../../../arm-none-eabi/lib/armv7-m\libm.a
START GROUP
LOAD d:/iti courses/armarcitecture/arm_training/arm tools iti/arm gcc/bin/../lib/gcc/arm-none-eabi/5.4.1/armv7-m\libgcc.a
LOAD d:/iti courses/armarcitecture/arm_training/arm tools iti/arm gcc/bin/../lib/gcc/arm-none-eabi/5.4.1/../../../../arm-none-eabi/lib/armv7-m\libg_nano.a
LOAD d:/iti courses/armarcitecture/arm_training/arm tools iti/arm gcc/bin/../lib/gcc/arm-none-eabi/5.4.1/../../../../arm-none-eabi/lib/armv7-m\libc_nano.a
END GROUP
START GROUP
LOAD d:/iti courses/armarcitecture/arm_training/arm tools iti/arm gcc/bin/../lib/gcc/arm-none-eabi/5.4.1/armv7-m\libgcc.a
LOAD d:/iti courses/armarcitecture/arm_training/arm tools iti/arm gcc/bin/../lib/gcc/arm-none-eabi/5.4.1/../../../../arm-none-eabi/lib/armv7-m\libc_nano.a
END GROUP
                0x20005000                __stack = (ORIGIN (RAM) + LENGTH (RAM))
                0x20005000                _estack = __stack
                0x00000400                __Main_Stack_Size = 0x400
                [!provide]                PROVIDE (_Main_Stack_Size, __Main_Stack_Size)
                0x20004c00                __Main_Stack_Limit = (__stack - __Main_Stack_Size)
                [!provide]                PROVIDE (_Main_Stack_Limit, __Main_Stack_Limit)
                0x00000100                _Minimum_Stack_Size = 0x100
                0x20000388                PROVIDE (_Heap_Begin, _end_noinit)
                0x20004c00                PROVIDE (_Heap_Limit, (__stack - __Main_Stack_Size))

.isr_vector     0x08000000      0x354
 FILL mask 0xff
                0x08000000                __vectors_start = ABSOLUTE (.)
                0x08000000                __vectors_start__ = ABSOLUTE (.)
 *(.isr_vector)
 .isr_vector    0x08000000      0x10c ./system/src/cmsis/vectors_stm32f10x.o
                0x08000000                __isr_vectors
 *(.cfmconfig)
 *(.after_vectors .after_vectors.*)
 .after_vectors
                0x0800010c      0x114 ./system/src/newlib/_startup.o
                0x0800010c                _start
 .after_vectors
                0x08000220      0x130 ./system/src/cortexm/exception_handlers.o
                0x08000220                Reset_Handler
                0x08000228                NMI_Handler
                0x0800022c                HardFault_Handler
                0x08000240                HardFault_Handler_C
                0x080002a0                MemManage_Handler
                0x080002a4                BusFault_Handler
                0x080002b8                BusFault_Handler_C
                0x080002ec                UsageFault_Handler
                0x08000300                UsageFault_Handler_C
                0x08000334                SVC_Handler
                0x08000338                DebugMon_Handler
                0x0800033c                PendSV_Handler
 .after_vectors
                0x08000350        0x4 ./system/src/cmsis/vectors_stm32f10x.o
                0x08000350                EXTI2_IRQHandler
                0x08000350                TIM8_TRG_COM_IRQHandler
                0x08000350                TIM8_CC_IRQHandler
                0x08000350                TIM1_CC_IRQHandler
                0x08000350                TIM6_IRQHandler
                0x08000350                PVD_IRQHandler
                0x08000350                SDIO_IRQHandler
                0x08000350                CAN2_RX1_IRQHandler
                0x08000350                EXTI3_IRQHandler
                0x08000350                TIM8_TRG_COM_TIM14_IRQHandler
                0x08000350                TIM1_UP_TIM10_IRQHandler
                0x08000350                TIM8_UP_TIM13_IRQHandler
                0x08000350                EXTI0_IRQHandler
                0x08000350                I2C2_EV_IRQHandler
                0x08000350                CAN1_RX0_IRQHandler
                0x08000350                TIM1_UP_TIM16_IRQHandler
                0x08000350                CAN2_SCE_IRQHandler
                0x08000350                ADC1_2_IRQHandler
                0x08000350                SPI1_IRQHandler
                0x08000350                TAMPER_IRQHandler
                0x08000350                TIM6_DAC_IRQHandler
                0x08000350                TIM1_BRK_TIM9_IRQHandler
                0x08000350                CAN2_RX0_IRQHandler
                0x08000350                TIM8_UP_IRQHandler
                0x08000350                DMA2_Channel2_IRQHandler
                0x08000350                DMA1_Channel4_IRQHandler
                0x08000350                USART3_IRQHandler
                0x08000350                RTC_IRQHandler
                0x08000350                DMA1_Channel7_IRQHandler
                0x08000350                CAN1_RX1_IRQHandler
                0x08000350                UART5_IRQHandler
                0x08000350                ADC3_IRQHandler
                0x08000350                TIM4_IRQHandler
                0x08000350                DMA2_Channel1_IRQHandler
                0x08000350                I2C1_EV_IRQHandler
                0x08000350                DMA1_Channel6_IRQHandler
                0x08000350                UART4_IRQHandler
                0x08000350                DMA2_Channel4_IRQHandler
                0x08000350                TIM3_IRQHandler
                0x08000350                RCC_IRQHandler
                0x08000350                TIM8_BRK_TIM12_IRQHandler
                0x08000350                TIM1_TRG_COM_IRQHandler
                0x08000350                DMA1_Channel1_IRQHandler
                0x08000350                Default_Handler
                0x08000350                CEC_IRQHandler
                0x08000350                EXTI15_10_IRQHandler
                0x08000350                TIM14_IRQHandler
                0x08000350                TIM13_IRQHandler
                0x08000350                TIM12_IRQHandler
                0x08000350                TIM7_IRQHandler
                0x08000350                CAN2_TX_IRQHandler
                0x08000350                TIM5_IRQHandler
                0x08000350                EXTI9_5_IRQHandler
                0x08000350                ETH_WKUP_IRQHandler
                0x08000350                SPI2_IRQHandler
                0x08000350                CAN1_TX_IRQHandler
                0x08000350                DMA2_Channel5_IRQHandler
                0x08000350                DMA1_Channel5_IRQHandler
                0x08000350                EXTI4_IRQHandler
                0x08000350                USB_LP_CAN1_RX0_IRQHandler
                0x08000350                TIM1_TRG_COM_TIM17_IRQHandler
                0x08000350                USB_HP_CAN1_TX_IRQHandler
                0x08000350                DMA1_Channel3_IRQHandler
                0x08000350                FSMC_IRQHandler
                0x08000350                ETH_IRQHandler
                0x08000350                TIM1_UP_IRQHandler
                0x08000350                WWDG_IRQHandler
                0x08000350                TIM2_IRQHandler
                0x08000350                OTG_FS_WKUP_IRQHandler
                0x08000350                TIM1_TRG_COM_TIM11_IRQHandler
                0x08000350                TIM1_BRK_IRQHandler
                0x08000350                EXTI1_IRQHandler
                0x08000350                RTCAlarm_IRQHandler
                0x08000350                DMA2_Channel4_5_IRQHandler
                0x08000350                USART2_IRQHandler
                0x08000350                I2C2_ER_IRQHandler
                0x08000350                DMA1_Channel2_IRQHandler
                0x08000350                TIM8_BRK_IRQHandler
                0x08000350                CAN1_SCE_IRQHandler
                0x08000350                FLASH_IRQHandler
                0x08000350                OTG_FS_IRQHandler
                0x08000350                SPI3_IRQHandler
                0x08000350                I2C1_ER_IRQHandler
                0x08000350                USBWakeUp_IRQHandler
                0x08000350                DMA2_Channel3_IRQHandler
                0x08000350                TIM1_BRK_TIM15_IRQHandler

.inits          0x08000354       0x28
                0x08000354                __data_regions_array_start = .
                0x08000354        0x4 LONG 0x8001a48 LOADADDR (.data)
                0x08000358        0x4 LONG 0x20000000 ADDR (.data)
                0x0800035c        0x4 LONG 0x20000180 (ADDR (.data) + SIZEOF (.data))
                0x08000360        0x4 LONG 0x8001a48 LOADADDR (.data_CCMRAM)
                0x08000364        0x4 LONG 0x0 ADDR (.data_CCMRAM)
                0x08000368        0x4 LONG 0x0 (ADDR (.data_CCMRAM) + SIZEOF (.data_CCMRAM))
                0x0800036c                __data_regions_array_end = .
                0x0800036c                __bss_regions_array_start = .
                0x0800036c        0x4 LONG 0x20000180 ADDR (.bss)
                0x08000370        0x4 LONG 0x20000388 (ADDR (.bss) + SIZEOF (.bss))
                0x08000374        0x4 LONG 0x0 ADDR (.bss_CCMRAM)
                0x08000378        0x4 LONG 0x0 (ADDR (.bss_CCMRAM) + SIZEOF (.bss_CCMRAM))
                0x0800037c                __bss_regions_array_end = .
 *(.init)
 *(.fini)
                0x0800037c                . = ALIGN (0x4)
                0x0800037c                PROVIDE (__preinit_array_start, .)
 *(.preinit_array_sysinit .preinit_array_sysinit.*)
 *(.preinit_array_platform .preinit_array_platform.*)
 *(.preinit_array .preinit_array.*)
                0x0800037c                PROVIDE (__preinit_array_end, .)
                0x0800037c                . = ALIGN (0x4)
                0x0800037c                PROVIDE (__init_array_start, .)
 *(SORT(.init_array.*))
 *(.init_array)
                0x0800037c                PROVIDE (__init_array_end, .)
                0x0800037c                . = ALIGN (0x4)
                0x0800037c                PROVIDE (__fini_array_start, .)
 *(SORT(.fini_array.*))
 *(.fini_array)
                0x0800037c                PROVIDE (__fini_array_end, .)

.flashtext
 *(.flashtext .flashtext.*)

.text           0x0800037c     0x16cb
 *(.text .text.*)
 .text._exit    0x0800037c        0x4 ./system/src/newlib/_exit.o
                0x0800037c                _exit
 .text._sbrk    0x08000380       0x44 ./system/src/newlib/_sbrk.o
                0x08000380                _sbrk
 .text.__initialize_args
                0x080003c4       0x10 ./system/src/newlib/_syscalls.o
                0x080003c4                __initialize_args
 .text.trace_printf
                0x080003d4       0x30 ./system/src/diag/Trace.o
                0x080003d4                trace_printf
 .text._trace_write_semihosting_debug
                0x08000404       0x64 ./system/src/diag/trace_impl.o
 .text.trace_write
                0x08000468        0x8 ./system/src/diag/trace_impl.o
                0x08000468                trace_write
 .text.__initialize_hardware_early
                0x08000470       0x18 ./system/src/cortexm/_initialize_hardware.o
                0x08000470                __initialize_hardware_early
 .text.__initialize_hardware
                0x08000488        0x8 ./system/src/cortexm/_initialize_hardware.o
                0x08000488                __initialize_hardware
 .text.dumpExceptionStack
                0x08000490       0xf0 ./system/src/cortexm/exception_handlers.o
                0x08000490                dumpExceptionStack
 .text.isSemihosting
                0x08000580       0x20 ./system/src/cortexm/exception_handlers.o
                0x08000580                isSemihosting
 .text.SetSysClockTo72
                0x080005a0       0xc4 ./system/src/cmsis/system_stm32f10x.o
 .text.SetSysClock
                0x08000664        0x8 ./system/src/cmsis/system_stm32f10x.o
 .text.SystemInit
                0x0800066c       0x50 ./system/src/cmsis/system_stm32f10x.o
                0x0800066c                SystemInit
 .text.SystemCoreClockUpdate
                0x080006bc       0x94 ./system/src/cmsis/system_stm32f10x.o
                0x080006bc                SystemCoreClockUpdate
 .text.SysTasksInfoFunc
                0x08000750        0x8 ./05-OS/SCHEDULER_config.o
                0x08000750                SysTasksInfoFunc
 .text.Scheduler
                0x08000758       0x4c ./05-OS/SCHEDULER_program.o
 .text.OsFlag_Set
                0x080007a4        0xc ./05-OS/SCHEDULER_program.o
 .text.SCHEDULER_Init
                0x080007b0       0x54 ./05-OS/SCHEDULER_program.o
                0x080007b0                SCHEDULER_Init
 .text.SCHEDULER_Start
                0x08000804       0x20 ./05-OS/SCHEDULER_program.o
                0x08000804                SCHEDULER_Start
 .text.Application
                0x08000824       0x34 ./03-APP/main.o
                0x08000824                Application
 .text.main     0x08000858       0x34 ./03-APP/main.o
                0x08000858                main
 .text.HCLCD_writeStringProcess
                0x0800088c       0xb4 ./02-HAL/02-HCLCD/HCLCD_program.o
 .text.HCLCD_clearProcess
                0x08000940       0x88 ./02-HAL/02-HCLCD/HCLCD_program.o
 .text.HCLCD_moveCursorProcess
                0x080009c8       0x9c ./02-HAL/02-HCLCD/HCLCD_program.o
 .text.HCLCD_initProcess
                0x08000a64      0x17c ./02-HAL/02-HCLCD/HCLCD_program.o
 .text.HCLCD_task
                0x08000be0       0x38 ./02-HAL/02-HCLCD/HCLCD_program.o
                0x08000be0                HCLCD_task
 .text.HCLCD_init
                0x08000c18       0x28 ./02-HAL/02-HCLCD/HCLCD_program.o
                0x08000c18                HCLCD_init
 .text.getSwitchMap
                0x08000c40       0x10 ./02-HAL/01-SWITCH/SWITCH_config.o
                0x08000c40                getSwitchMap
 .text.switchTask
                0x08000c50       0x80 ./02-HAL/01-SWITCH/SWITCH_program.o
                0x08000c50                switchTask
 .text.SwitchTask_Init
                0x08000cd0       0x44 ./02-HAL/01-SWITCH/SWITCH_program.o
                0x08000cd0                SwitchTask_Init
 .text.SwitchTask_GetSwitchState
                0x08000d14       0x10 ./02-HAL/01-SWITCH/SWITCH_program.o
                0x08000d14                SwitchTask_GetSwitchState
 .text.UART_voidInit
                0x08000d24       0x7c ./01-MCAL/05-UART/UART_program.o
                0x08000d24                UART_voidInit
 .text.USART1_IRQHandler
                0x08000da0       0xac ./01-MCAL/05-UART/UART_program.o
                0x08000da0                USART1_IRQHandler
 .text.SYSTICK_Init
                0x08000e4c       0x10 ./01-MCAL/04-SYSTIC/SYSTICK_program.o
                0x08000e4c                SYSTICK_Init
 .text.SYSTICK_Start
                0x08000e5c       0x10 ./01-MCAL/04-SYSTIC/SYSTICK_program.o
                0x08000e5c                SYSTICK_Start
 .text.SYSTICK_SetTimerMS
                0x08000e6c       0x28 ./01-MCAL/04-SYSTIC/SYSTICK_program.o
                0x08000e6c                SYSTICK_SetTimerMS
 .text.SYSTICK_SetCallBack
                0x08000e94       0x14 ./01-MCAL/04-SYSTIC/SYSTICK_program.o
                0x08000e94                SYSTICK_SetCallBack
 .text.SysTick_Handler
                0x08000ea8       0x10 ./01-MCAL/04-SYSTIC/SYSTICK_program.o
                0x08000ea8                SysTick_Handler
 .text.NVIC_u8EnableIRQ
                0x08000eb8       0x30 ./01-MCAL/03-NVIC/NVIC_program.o
                0x08000eb8                NVIC_u8EnableIRQ
 .text.GPIO_initPin
                0x08000ee8       0x6c ./01-MCAL/02-GPIO/GPIO_program.o
                0x08000ee8                GPIO_initPin
 .text.GPIO_writePin
                0x08000f54       0x1c ./01-MCAL/02-GPIO/GPIO_program.o
                0x08000f54                GPIO_writePin
 .text.GPIO_directWritePin
                0x08000f70       0x18 ./01-MCAL/02-GPIO/GPIO_program.o
                0x08000f70                GPIO_directWritePin
 .text.GPIO_directReadPin
                0x08000f88        0xc ./01-MCAL/02-GPIO/GPIO_program.o
                0x08000f88                GPIO_directReadPin
 .text.RCC_EnablePrephiralClock
                0x08000f94       0x58 ./01-MCAL/01-RCC/RCC_program.o
                0x08000f94                RCC_EnablePrephiralClock
 .text.__errno  0x08000fec        0xc d:/iti courses/armarcitecture/arm_training/arm tools iti/arm gcc/bin/../lib/gcc/arm-none-eabi/5.4.1/../../../../arm-none-eabi/lib/armv7-m\libg_nano.a(lib_a-errno.o)
                0x08000fec                __errno
 .text._vsnprintf_r
                0x08000ff8       0x56 d:/iti courses/armarcitecture/arm_training/arm tools iti/arm gcc/bin/../lib/gcc/arm-none-eabi/5.4.1/../../../../arm-none-eabi/lib/armv7-m\libg_nano.a(lib_a-vsnprintf.o)
                0x08000ff8                _vsniprintf_r
                0x08000ff8                _vsnprintf_r
 *fill*         0x0800104e        0x2 
 .text.vsnprintf
                0x08001050       0x1c d:/iti courses/armarcitecture/arm_training/arm tools iti/arm gcc/bin/../lib/gcc/arm-none-eabi/5.4.1/../../../../arm-none-eabi/lib/armv7-m\libg_nano.a(lib_a-vsnprintf.o)
                0x08001050                vsniprintf
                0x08001050                vsnprintf
 .text.__ssputs_r
                0x0800106c       0xb2 d:/iti courses/armarcitecture/arm_training/arm tools iti/arm gcc/bin/../lib/gcc/arm-none-eabi/5.4.1/../../../../arm-none-eabi/lib/armv7-m\libg_nano.a(lib_a-nano-svfprintf.o)
                0x0800106c                __ssputs_r
 *fill*         0x0800111e        0x2 
 .text._svfprintf_r
                0x08001120      0x1e8 d:/iti courses/armarcitecture/arm_training/arm tools iti/arm gcc/bin/../lib/gcc/arm-none-eabi/5.4.1/../../../../arm-none-eabi/lib/armv7-m\libg_nano.a(lib_a-nano-svfprintf.o)
                0x08001120                _svfiprintf_r
                0x08001120                _svfprintf_r
 .text._printf_common
                0x08001308       0xec d:/iti courses/armarcitecture/arm_training/arm tools iti/arm gcc/bin/../lib/gcc/arm-none-eabi/5.4.1/../../../../arm-none-eabi/lib/armv7-m\libg_nano.a(lib_a-nano-vfprintf_i.o)
                0x08001308                _printf_common
 .text._printf_i
                0x080013f4      0x24c d:/iti courses/armarcitecture/arm_training/arm tools iti/arm gcc/bin/../lib/gcc/arm-none-eabi/5.4.1/../../../../arm-none-eabi/lib/armv7-m\libg_nano.a(lib_a-nano-vfprintf_i.o)
                0x080013f4                _printf_i
 .text.memchr   0x08001640       0x1c d:/iti courses/armarcitecture/arm_training/arm tools iti/arm gcc/bin/../lib/gcc/arm-none-eabi/5.4.1/../../../../arm-none-eabi/lib/armv7-m\libg_nano.a(lib_a-memchr-stub.o)
                0x08001640                memchr
 .text.memcpy   0x0800165c       0x16 d:/iti courses/armarcitecture/arm_training/arm tools iti/arm gcc/bin/../lib/gcc/arm-none-eabi/5.4.1/../../../../arm-none-eabi/lib/armv7-m\libg_nano.a(lib_a-memcpy-stub.o)
                0x0800165c                memcpy
 .text.memmove  0x08001672       0x36 d:/iti courses/armarcitecture/arm_training/arm tools iti/arm gcc/bin/../lib/gcc/arm-none-eabi/5.4.1/../../../../arm-none-eabi/lib/armv7-m\libg_nano.a(lib_a-memmove.o)
                0x08001672                memmove
 .text._free_r  0x080016a8       0x98 d:/iti courses/armarcitecture/arm_training/arm tools iti/arm gcc/bin/../lib/gcc/arm-none-eabi/5.4.1/../../../../arm-none-eabi/lib/armv7-m\libg_nano.a(lib_a-nano-freer.o)
                0x080016a8                _free_r
 .text._malloc_r
                0x08001740       0xbc d:/iti courses/armarcitecture/arm_training/arm tools iti/arm gcc/bin/../lib/gcc/arm-none-eabi/5.4.1/../../../../arm-none-eabi/lib/armv7-m\libg_nano.a(lib_a-nano-mallocr.o)
                0x08001740                _malloc_r
 .text._realloc_r
                0x080017fc       0x4c d:/iti courses/armarcitecture/arm_training/arm tools iti/arm gcc/bin/../lib/gcc/arm-none-eabi/5.4.1/../../../../arm-none-eabi/lib/armv7-m\libg_nano.a(lib_a-nano-reallocr.o)
                0x080017fc                _realloc_r
 .text._sbrk_r  0x08001848       0x20 d:/iti courses/armarcitecture/arm_training/arm tools iti/arm gcc/bin/../lib/gcc/arm-none-eabi/5.4.1/../../../../arm-none-eabi/lib/armv7-m\libg_nano.a(lib_a-sbrkr.o)
                0x08001848                _sbrk_r
 .text.__malloc_lock
                0x08001868        0x2 d:/iti courses/armarcitecture/arm_training/arm tools iti/arm gcc/bin/../lib/gcc/arm-none-eabi/5.4.1/../../../../arm-none-eabi/lib/armv7-m\libg_nano.a(lib_a-mlock.o)
                0x08001868                __malloc_lock
 .text.__malloc_unlock
                0x0800186a        0x2 d:/iti courses/armarcitecture/arm_training/arm tools iti/arm gcc/bin/../lib/gcc/arm-none-eabi/5.4.1/../../../../arm-none-eabi/lib/armv7-m\libg_nano.a(lib_a-mlock.o)
                0x0800186a                __malloc_unlock
 .text._malloc_usable_size_r
                0x0800186c       0x14 d:/iti courses/armarcitecture/arm_training/arm tools iti/arm gcc/bin/../lib/gcc/arm-none-eabi/5.4.1/../../../../arm-none-eabi/lib/armv7-m\libg_nano.a(lib_a-nano-msizer.o)
                0x0800186c                _malloc_usable_size_r
 *(.rodata .rodata.* .constdata .constdata.*)
 .rodata.str1.4
                0x08001880      0x148 ./system/src/cortexm/exception_handlers.o
                                0x146 (size before relaxing)
 .rodata.CLCD_DATA_PINS
                0x080019c8       0x20 ./02-HAL/02-HCLCD/HCLCD_program.o
 .rodata.CLCD_DATA_PORTS
                0x080019e8       0x20 ./02-HAL/02-HCLCD/HCLCD_program.o
 .rodata.switchMap
                0x08001a08        0xc ./02-HAL/01-SWITCH/SWITCH_config.o
                0x08001a08                switchMap
 .rodata.str1.1
                0x08001a14       0x11 d:/iti courses/armarcitecture/arm_training/arm tools iti/arm gcc/bin/../lib/gcc/arm-none-eabi/5.4.1/../../../../arm-none-eabi/lib/armv7-m\libg_nano.a(lib_a-nano-svfprintf.o)
 .rodata.str1.1
                0x08001a25       0x22 d:/iti courses/armarcitecture/arm_training/arm tools iti/arm gcc/bin/../lib/gcc/arm-none-eabi/5.4.1/../../../../arm-none-eabi/lib/armv7-m\libg_nano.a(lib_a-nano-vfprintf_i.o)
 *(vtable)
 *(.eh_frame*)
 *(.glue_7)
 .glue_7        0x08001a47        0x0 linker stubs
 *(.glue_7t)
 .glue_7t       0x08001a47        0x0 linker stubs

.vfp11_veneer   0x08001a48        0x0
 .vfp11_veneer  0x08001a48        0x0 linker stubs

.v4_bx          0x08001a48        0x0
 .v4_bx         0x08001a48        0x0 linker stubs

.iplt           0x08001a48        0x0
 .iplt          0x08001a48        0x0 ./system/src/stm32f1-stdperiph/misc.o

.rel.dyn        0x08001a48        0x0
 .rel.iplt      0x08001a48        0x0 ./system/src/stm32f1-stdperiph/misc.o

.ARM.extab
 *(.ARM.extab* .gnu.linkonce.armextab.*)
                0x08001a48                . = ALIGN (0x4)
                0x08001a48                __exidx_start = .

.ARM.exidx
 *(.ARM.exidx* .gnu.linkonce.armexidx.*)
                0x08001a48                __exidx_end = .
                0x08001a48                . = ALIGN (0x4)
                0x08001a48                _etext = .
                0x08001a48                __etext = .

.data_CCMRAM    0x00000000        0x0 load address 0x08001a48
 FILL mask 0xff
 *(.data.CCMRAM .data.CCMRAM.*)
                0x00000000                . = ALIGN (0x4)
                0x08001a48                _sidata = LOADADDR (.data)

.data           0x20000000      0x180 load address 0x08001a48
 FILL mask 0xff
                0x20000000                _sdata = .
                0x20000000                __data_start__ = .
 *(.data_begin .data_begin.*)
 .data_begin    0x20000000        0x4 ./system/src/newlib/_startup.o
 *(.data .data.*)
 .data.argv.4290
                0x20000004        0x8 ./system/src/newlib/_syscalls.o
 .data.AHBPrescTable
                0x2000000c       0x10 ./system/src/cmsis/system_stm32f10x.o
                0x2000000c                AHBPrescTable
 .data.SystemCoreClock
                0x2000001c        0x4 ./system/src/cmsis/system_stm32f10x.o
                0x2000001c                SystemCoreClock
 .data.SysTasksInfo
                0x20000020       0x18 ./05-OS/SCHEDULER_config.o
 .data.APP_Task
                0x20000038        0xc ./03-APP/main.o
                0x20000038                APP_Task
 .data.currentInitState.3812
                0x20000044        0x1 ./02-HAL/02-HCLCD/HCLCD_program.o
 *fill*         0x20000045        0x3 ff
 .data.CLCD_PINS
                0x20000048       0xb0 ./02-HAL/02-HCLCD/HCLCD_program.o
                0x20000048                CLCD_PINS
 .data.Lcd_Task
                0x200000f8        0xc ./02-HAL/02-HCLCD/HCLCD_program.o
                0x200000f8                Lcd_Task
 .data.Switch_Task
                0x20000104        0xc ./02-HAL/01-SWITCH/SWITCH_program.o
                0x20000104                Switch_Task
 .data.UART     0x20000110        0x4 ./01-MCAL/05-UART/UART_program.o
                0x20000110                UART
 .data.NVIC     0x20000114        0x4 ./01-MCAL/03-NVIC/NVIC_program.o
                0x20000114                NVIC
 .data.impure_data
                0x20000118       0x60 d:/iti courses/armarcitecture/arm_training/arm tools iti/arm gcc/bin/../lib/gcc/arm-none-eabi/5.4.1/../../../../arm-none-eabi/lib/armv7-m\libg_nano.a(lib_a-impure.o)
 .data._impure_ptr
                0x20000178        0x4 d:/iti courses/armarcitecture/arm_training/arm tools iti/arm gcc/bin/../lib/gcc/arm-none-eabi/5.4.1/../../../../arm-none-eabi/lib/armv7-m\libg_nano.a(lib_a-impure.o)
                0x20000178                _impure_ptr
 *(.data_end .data_end.*)
 .data_end      0x2000017c        0x4 ./system/src/newlib/_startup.o
                0x20000180                . = ALIGN (0x4)
                0x20000180                _edata = .
                0x20000180                __data_end__ = .

.igot.plt       0x20000180        0x0 load address 0x08001bc8
 .igot.plt      0x20000180        0x0 ./system/src/stm32f1-stdperiph/misc.o

.bss_CCMRAM     0x00000000        0x0
 *(.bss.CCMRAM .bss.CCMRAM.*)

.bss            0x20000180      0x208
                0x20000180                __bss_start__ = .
                0x20000180                _sbss = .
 *(.bss_begin .bss_begin.*)
 .bss_begin     0x20000180        0x4 ./system/src/newlib/_startup.o
 *(.bss .bss.*)
 .bss.current_heap_end.3974
                0x20000184        0x4 ./system/src/newlib/_sbrk.o
 .bss.name.4289
                0x20000188        0x1 ./system/src/newlib/_syscalls.o
 *fill*         0x20000189        0x3 
 .bss.buf.5179  0x2000018c       0x80 ./system/src/diag/Trace.o
 .bss.SysTasks  0x2000020c       0x10 ./05-OS/SCHEDULER_program.o
 .bss.OS_Flag   0x2000021c        0x1 ./05-OS/SCHEDULER_program.o
 .bss.switchTransmittedValue.5548
                0x2000021d        0x1 ./03-APP/main.o
 .bss.counter.5546
                0x2000021e        0x2 ./03-APP/main.o
 .bss.currentChar.3835
                0x20000220        0x1 ./02-HAL/02-HCLCD/HCLCD_program.o
 .bss.CLCD_E_value.3838
                0x20000221        0x1 ./02-HAL/02-HCLCD/HCLCD_program.o
 .bss.CLCD_E_value.3845
                0x20000222        0x1 ./02-HAL/02-HCLCD/HCLCD_program.o
 .bss.lenght    0x20000223        0x1 ./02-HAL/02-HCLCD/HCLCD_program.o
 .bss.INIT_COMPLETED_FLAG
                0x20000224        0x1 ./02-HAL/02-HCLCD/HCLCD_program.o
 *fill*         0x20000225        0x3 
 .bss.word      0x20000228       0xff ./02-HAL/02-HCLCD/HCLCD_program.o
 .bss.CLCD_E_value.3858
                0x20000327        0x1 ./02-HAL/02-HCLCD/HCLCD_program.o
 .bss.CURRENT_PROCESS
                0x20000328        0x1 ./02-HAL/02-HCLCD/HCLCD_program.o
 .bss.REQUESTED_ROW
                0x20000329        0x1 ./02-HAL/02-HCLCD/HCLCD_program.o
 .bss.REQUESTED_COLUMN
                0x2000032a        0x1 ./02-HAL/02-HCLCD/HCLCD_program.o
 .bss.CLCD_E_value.3818
                0x2000032b        0x1 ./02-HAL/02-HCLCD/HCLCD_program.o
 .bss.counter.3813
                0x2000032c        0x1 ./02-HAL/02-HCLCD/HCLCD_program.o
 *fill*         0x2000032d        0x3 
 .bss.counter.3786
                0x20000330        0x1 ./02-HAL/01-SWITCH/SWITCH_program.o
 *fill*         0x20000331        0x3 
 .bss.prevState.3784
                0x20000334        0x1 ./02-HAL/01-SWITCH/SWITCH_program.o
 .bss.currState.3785
                0x20000335        0x1 ./02-HAL/01-SWITCH/SWITCH_program.o
 *fill*         0x20000336        0x2 
 .bss.appTxNotify
                0x20000338        0x4 ./01-MCAL/05-UART/UART_program.o
 .bss.appRxNotify
                0x2000033c        0x4 ./01-MCAL/05-UART/UART_program.o
 .bss.SYSTICK_CallBack
                0x20000340        0x4 ./01-MCAL/04-SYSTIC/SYSTICK_program.o
 .bss.__malloc_sbrk_start
                0x20000344        0x4 d:/iti courses/armarcitecture/arm_training/arm tools iti/arm gcc/bin/../lib/gcc/arm-none-eabi/5.4.1/../../../../arm-none-eabi/lib/armv7-m\libg_nano.a(lib_a-nano-mallocr.o)
                0x20000344                __malloc_sbrk_start
 .bss.__malloc_free_list
                0x20000348        0x4 d:/iti courses/armarcitecture/arm_training/arm tools iti/arm gcc/bin/../lib/gcc/arm-none-eabi/5.4.1/../../../../arm-none-eabi/lib/armv7-m\libg_nano.a(lib_a-nano-mallocr.o)
                0x20000348                __malloc_free_list
 *(COMMON)
 COMMON         0x2000034c        0x4 ./system/src/newlib/_syscalls.o
                0x2000034c                errno
 COMMON         0x20000350        0xc ./02-HAL/02-HCLCD/HCLCD_program.o
                0x20000350                WRITE_DONE_NOTIFICATION
                0x20000354                CLEAR_DONE_NOTIFICATION
                0x20000358                MOVE_CURSOR_DONE_NOTIFICATION
 COMMON         0x2000035c        0x8 ./02-HAL/01-SWITCH/SWITCH_program.o
                0x2000035c                switchState
                0x20000360                switchMapElement
 COMMON         0x20000364       0x20 ./01-MCAL/05-UART/UART_program.o
                0x20000364                RxBuffer
                0x20000374                TxBuffer
 *(.bss_end .bss_end.*)
 .bss_end       0x20000384        0x4 ./system/src/newlib/_startup.o
                0x20000388                . = ALIGN (0x4)
                0x20000388                __bss_end__ = .
                0x20000388                _ebss = .

.noinit_CCMRAM
 *(.noinit.CCMRAM .noinit.CCMRAM.*)

.noinit         0x20000388        0x0
                0x20000388                _noinit = .
 *(.noinit .noinit.*)
                0x20000388                . = ALIGN (0x4)
                0x20000388                _end_noinit = .
                [!provide]                PROVIDE (end, _end_noinit)
                [!provide]                PROVIDE (_end, _end_noinit)
                [!provide]                PROVIDE (__end, _end_noinit)
                [!provide]                PROVIDE (__end__, _end_noinit)

._check_stack   0x20000388      0x100
                0x20000488                . = (. + _Minimum_Stack_Size)
 *fill*         0x20000388      0x100 

.b1text
 *(.b1text)
 *(.b1rodata)
 *(.b1rodata.*)

.eb0text
 *(.eb0text)
 *(.eb0rodata)
 *(.eb0rodata.*)

.eb1text
 *(.eb1text)
 *(.eb1rodata)
 *(.eb1rodata.*)

.eb2text
 *(.eb2text)
 *(.eb2rodata)
 *(.eb2rodata.*)

.eb3text
 *(.eb3text)
 *(.eb3rodata)
 *(.eb3rodata.*)

.stab
 *(.stab)

.stabstr
 *(.stabstr)

.stab.excl
 *(.stab.excl)

.stab.exclstr
 *(.stab.exclstr)

.stab.index
 *(.stab.index)

.stab.indexstr
 *(.stab.indexstr)

.comment        0x00000000       0x6e
 *(.comment)
 .comment       0x00000000       0x6e ./system/src/newlib/_exit.o
                                 0x6f (size before relaxing)
 .comment       0x0000006e       0x6f ./system/src/newlib/_sbrk.o
 .comment       0x0000006e       0x6f ./system/src/newlib/_startup.o
 .comment       0x0000006e       0x6f ./system/src/newlib/_syscalls.o
 .comment       0x0000006e       0x6f ./system/src/diag/Trace.o
 .comment       0x0000006e       0x6f ./system/src/diag/trace_impl.o
 .comment       0x0000006e       0x6f ./system/src/cortexm/_initialize_hardware.o
 .comment       0x0000006e       0x6f ./system/src/cortexm/exception_handlers.o
 .comment       0x0000006e       0x6f ./system/src/cmsis/system_stm32f10x.o
 .comment       0x0000006e       0x6f ./system/src/cmsis/vectors_stm32f10x.o
 .comment       0x0000006e       0x6f ./05-OS/SCHEDULER_config.o
 .comment       0x0000006e       0x6f ./05-OS/SCHEDULER_program.o
 .comment       0x0000006e       0x6f ./03-APP/main.o
 .comment       0x0000006e       0x6f ./02-HAL/02-HCLCD/HCLCD_program.o
 .comment       0x0000006e       0x6f ./02-HAL/01-SWITCH/SWITCH_config.o
 .comment       0x0000006e       0x6f ./02-HAL/01-SWITCH/SWITCH_program.o
 .comment       0x0000006e       0x6f ./01-MCAL/05-UART/UART_program.o
 .comment       0x0000006e       0x6f ./01-MCAL/04-SYSTIC/SYSTICK_program.o
 .comment       0x0000006e       0x6f ./01-MCAL/03-NVIC/NVIC_program.o
 .comment       0x0000006e       0x6f ./01-MCAL/02-GPIO/GPIO_program.o
 .comment       0x0000006e       0x6f ./01-MCAL/01-RCC/RCC_program.o

.ARM.attributes
                0x00000000       0x31
 .ARM.attributes
                0x00000000       0x33 ./system/src/newlib/_exit.o
 .ARM.attributes
                0x00000033       0x33 ./system/src/newlib/_sbrk.o
 .ARM.attributes
                0x00000066       0x33 ./system/src/newlib/_startup.o
 .ARM.attributes
                0x00000099       0x33 ./system/src/newlib/_syscalls.o
 .ARM.attributes
                0x000000cc       0x33 ./system/src/diag/Trace.o
 .ARM.attributes
                0x000000ff       0x33 ./system/src/diag/trace_impl.o
 .ARM.attributes
                0x00000132       0x33 ./system/src/cortexm/_initialize_hardware.o
 .ARM.attributes
                0x00000165       0x33 ./system/src/cortexm/exception_handlers.o
 .ARM.attributes
                0x00000198       0x33 ./system/src/cmsis/system_stm32f10x.o
 .ARM.attributes
                0x000001cb       0x33 ./system/src/cmsis/vectors_stm32f10x.o
 .ARM.attributes
                0x000001fe       0x33 ./05-OS/SCHEDULER_config.o
 .ARM.attributes
                0x00000231       0x33 ./05-OS/SCHEDULER_program.o
 .ARM.attributes
                0x00000264       0x33 ./03-APP/main.o
 .ARM.attributes
                0x00000297       0x33 ./02-HAL/02-HCLCD/HCLCD_program.o
 .ARM.attributes
                0x000002ca       0x33 ./02-HAL/01-SWITCH/SWITCH_config.o
 .ARM.attributes
                0x000002fd       0x33 ./02-HAL/01-SWITCH/SWITCH_program.o
 .ARM.attributes
                0x00000330       0x33 ./01-MCAL/05-UART/UART_program.o
 .ARM.attributes
                0x00000363       0x33 ./01-MCAL/04-SYSTIC/SYSTICK_program.o
 .ARM.attributes
                0x00000396       0x33 ./01-MCAL/03-NVIC/NVIC_program.o
 .ARM.attributes
                0x000003c9       0x33 ./01-MCAL/02-GPIO/GPIO_program.o
 .ARM.attributes
                0x000003fc       0x33 ./01-MCAL/01-RCC/RCC_program.o
 .ARM.attributes
                0x0000042f       0x2d d:/iti courses/armarcitecture/arm_training/arm tools iti/arm gcc/bin/../lib/gcc/arm-none-eabi/5.4.1/../../../../arm-none-eabi/lib/armv7-m\libg_nano.a(lib_a-errno.o)
 .ARM.attributes
                0x0000045c       0x2d d:/iti courses/armarcitecture/arm_training/arm tools iti/arm gcc/bin/../lib/gcc/arm-none-eabi/5.4.1/../../../../arm-none-eabi/lib/armv7-m\libg_nano.a(lib_a-impure.o)
 .ARM.attributes
                0x00000489       0x2d d:/iti courses/armarcitecture/arm_training/arm tools iti/arm gcc/bin/../lib/gcc/arm-none-eabi/5.4.1/../../../../arm-none-eabi/lib/armv7-m\libg_nano.a(lib_a-vsnprintf.o)
 .ARM.attributes
                0x000004b6       0x2d d:/iti courses/armarcitecture/arm_training/arm tools iti/arm gcc/bin/../lib/gcc/arm-none-eabi/5.4.1/../../../../arm-none-eabi/lib/armv7-m\libg_nano.a(lib_a-nano-svfprintf.o)
 .ARM.attributes
                0x000004e3       0x2d d:/iti courses/armarcitecture/arm_training/arm tools iti/arm gcc/bin/../lib/gcc/arm-none-eabi/5.4.1/../../../../arm-none-eabi/lib/armv7-m\libg_nano.a(lib_a-nano-vfprintf_i.o)
 .ARM.attributes
                0x00000510       0x2d d:/iti courses/armarcitecture/arm_training/arm tools iti/arm gcc/bin/../lib/gcc/arm-none-eabi/5.4.1/../../../../arm-none-eabi/lib/armv7-m\libg_nano.a(lib_a-memchr-stub.o)
 .ARM.attributes
                0x0000053d       0x2d d:/iti courses/armarcitecture/arm_training/arm tools iti/arm gcc/bin/../lib/gcc/arm-none-eabi/5.4.1/../../../../arm-none-eabi/lib/armv7-m\libg_nano.a(lib_a-memcpy-stub.o)
 .ARM.attributes
                0x0000056a       0x2d d:/iti courses/armarcitecture/arm_training/arm tools iti/arm gcc/bin/../lib/gcc/arm-none-eabi/5.4.1/../../../../arm-none-eabi/lib/armv7-m\libg_nano.a(lib_a-memmove.o)
 .ARM.attributes
                0x00000597       0x2d d:/iti courses/armarcitecture/arm_training/arm tools iti/arm gcc/bin/../lib/gcc/arm-none-eabi/5.4.1/../../../../arm-none-eabi/lib/armv7-m\libg_nano.a(lib_a-nano-freer.o)
 .ARM.attributes
                0x000005c4       0x2d d:/iti courses/armarcitecture/arm_training/arm tools iti/arm gcc/bin/../lib/gcc/arm-none-eabi/5.4.1/../../../../arm-none-eabi/lib/armv7-m\libg_nano.a(lib_a-nano-mallocr.o)
 .ARM.attributes
                0x000005f1       0x2d d:/iti courses/armarcitecture/arm_training/arm tools iti/arm gcc/bin/../lib/gcc/arm-none-eabi/5.4.1/../../../../arm-none-eabi/lib/armv7-m\libg_nano.a(lib_a-nano-reallocr.o)
 .ARM.attributes
                0x0000061e       0x2d d:/iti courses/armarcitecture/arm_training/arm tools iti/arm gcc/bin/../lib/gcc/arm-none-eabi/5.4.1/../../../../arm-none-eabi/lib/armv7-m\libg_nano.a(lib_a-sbrkr.o)
 .ARM.attributes
                0x0000064b       0x2d d:/iti courses/armarcitecture/arm_training/arm tools iti/arm gcc/bin/../lib/gcc/arm-none-eabi/5.4.1/../../../../arm-none-eabi/lib/armv7-m\libg_nano.a(lib_a-mlock.o)
 .ARM.attributes
                0x00000678       0x2d d:/iti courses/armarcitecture/arm_training/arm tools iti/arm gcc/bin/../lib/gcc/arm-none-eabi/5.4.1/../../../../arm-none-eabi/lib/armv7-m\libg_nano.a(lib_a-nano-msizer.o)

.debug
 *(.debug)

.line
 *(.line)

.debug_srcinfo
 *(.debug_srcinfo)

.debug_sfnames
 *(.debug_sfnames)

.debug_aranges  0x00000000      0x4f0
 *(.debug_aranges)
 .debug_aranges
                0x00000000       0x28 ./system/src/newlib/_exit.o
 .debug_aranges
                0x00000028       0x20 ./system/src/newlib/_sbrk.o
 .debug_aranges
                0x00000048       0x40 ./system/src/newlib/_startup.o
 .debug_aranges
                0x00000088       0x30 ./system/src/newlib/_syscalls.o
 .debug_aranges
                0x000000b8       0x38 ./system/src/diag/Trace.o
 .debug_aranges
                0x000000f0       0x30 ./system/src/diag/trace_impl.o
 .debug_aranges
                0x00000120       0x28 ./system/src/cortexm/_initialize_hardware.o
 .debug_aranges
                0x00000148       0x90 ./system/src/cortexm/exception_handlers.o
 .debug_aranges
                0x000001d8       0x38 ./system/src/cmsis/system_stm32f10x.o
 .debug_aranges
                0x00000210       0x20 ./system/src/cmsis/vectors_stm32f10x.o
 .debug_aranges
                0x00000230       0x20 ./05-OS/SCHEDULER_config.o
 .debug_aranges
                0x00000250       0x38 ./05-OS/SCHEDULER_program.o
 .debug_aranges
                0x00000288       0x28 ./03-APP/main.o
 .debug_aranges
                0x000002b0       0x78 ./02-HAL/02-HCLCD/HCLCD_program.o
 .debug_aranges
                0x00000328       0x20 ./02-HAL/01-SWITCH/SWITCH_config.o
 .debug_aranges
                0x00000348       0x38 ./02-HAL/01-SWITCH/SWITCH_program.o
 .debug_aranges
                0x00000380       0x50 ./01-MCAL/05-UART/UART_program.o
 .debug_aranges
                0x000003d0       0x48 ./01-MCAL/04-SYSTIC/SYSTICK_program.o
 .debug_aranges
                0x00000418       0x58 ./01-MCAL/03-NVIC/NVIC_program.o
 .debug_aranges
                0x00000470       0x40 ./01-MCAL/02-GPIO/GPIO_program.o
 .debug_aranges
                0x000004b0       0x40 ./01-MCAL/01-RCC/RCC_program.o

.debug_pubnames
 *(.debug_pubnames)

.debug_info     0x00000000     0x44d1
 *(.debug_info .gnu.linkonce.wi.*)
 .debug_info    0x00000000       0xef ./system/src/newlib/_exit.o
 .debug_info    0x000000ef      0x11f ./system/src/newlib/_sbrk.o
 .debug_info    0x0000020e      0x455 ./system/src/newlib/_startup.o
 .debug_info    0x00000663      0x1c7 ./system/src/newlib/_syscalls.o
 .debug_info    0x0000082a      0x2e7 ./system/src/diag/Trace.o
 .debug_info    0x00000b11      0x30b ./system/src/diag/trace_impl.o
 .debug_info    0x00000e1c      0x2b1 ./system/src/cortexm/_initialize_hardware.o
 .debug_info    0x000010cd      0x8da ./system/src/cortexm/exception_handlers.o
 .debug_info    0x000019a7      0x497 ./system/src/cmsis/system_stm32f10x.o
 .debug_info    0x00001e3e       0xd1 ./system/src/cmsis/vectors_stm32f10x.o
 .debug_info    0x00001f0f      0x168 ./05-OS/SCHEDULER_config.o
 .debug_info    0x00002077      0x288 ./05-OS/SCHEDULER_program.o
 .debug_info    0x000022ff      0x2c3 ./03-APP/main.o
 .debug_info    0x000025c2      0xaf2 ./02-HAL/02-HCLCD/HCLCD_program.o
 .debug_info    0x000030b4      0x10f ./02-HAL/01-SWITCH/SWITCH_config.o
 .debug_info    0x000031c3      0x3b5 ./02-HAL/01-SWITCH/SWITCH_program.o
 .debug_info    0x00003578      0x46c ./01-MCAL/05-UART/UART_program.o
 .debug_info    0x000039e4      0x1a8 ./01-MCAL/04-SYSTIC/SYSTICK_program.o
 .debug_info    0x00003b8c      0x365 ./01-MCAL/03-NVIC/NVIC_program.o
 .debug_info    0x00003ef1      0x345 ./01-MCAL/02-GPIO/GPIO_program.o
 .debug_info    0x00004236      0x29b ./01-MCAL/01-RCC/RCC_program.o

.debug_abbrev   0x00000000     0x196a
 *(.debug_abbrev)
 .debug_abbrev  0x00000000       0x8e ./system/src/newlib/_exit.o
 .debug_abbrev  0x0000008e       0xb9 ./system/src/newlib/_sbrk.o
 .debug_abbrev  0x00000147      0x1ac ./system/src/newlib/_startup.o
 .debug_abbrev  0x000002f3       0xec ./system/src/newlib/_syscalls.o
 .debug_abbrev  0x000003df      0x156 ./system/src/diag/Trace.o
 .debug_abbrev  0x00000535      0x1c8 ./system/src/diag/trace_impl.o
 .debug_abbrev  0x000006fd       0xea ./system/src/cortexm/_initialize_hardware.o
 .debug_abbrev  0x000007e7      0x247 ./system/src/cortexm/exception_handlers.o
 .debug_abbrev  0x00000a2e      0x159 ./system/src/cmsis/system_stm32f10x.o
 .debug_abbrev  0x00000b87       0x9d ./system/src/cmsis/vectors_stm32f10x.o
 .debug_abbrev  0x00000c24       0xbb ./05-OS/SCHEDULER_config.o
 .debug_abbrev  0x00000cdf      0x144 ./05-OS/SCHEDULER_program.o
 .debug_abbrev  0x00000e23      0x139 ./03-APP/main.o
 .debug_abbrev  0x00000f5c      0x1d7 ./02-HAL/02-HCLCD/HCLCD_program.o
 .debug_abbrev  0x00001133       0xcc ./02-HAL/01-SWITCH/SWITCH_config.o
 .debug_abbrev  0x000011ff      0x157 ./02-HAL/01-SWITCH/SWITCH_program.o
 .debug_abbrev  0x00001356      0x1b8 ./01-MCAL/05-UART/UART_program.o
 .debug_abbrev  0x0000150e      0x147 ./01-MCAL/04-SYSTIC/SYSTICK_program.o
 .debug_abbrev  0x00001655      0x126 ./01-MCAL/03-NVIC/NVIC_program.o
 .debug_abbrev  0x0000177b      0x116 ./01-MCAL/02-GPIO/GPIO_program.o
 .debug_abbrev  0x00001891       0xd9 ./01-MCAL/01-RCC/RCC_program.o

.debug_line     0x00000000     0x3be8
 *(.debug_line)
 .debug_line    0x00000000      0x35d ./system/src/newlib/_exit.o
 .debug_line    0x0000035d      0x30e ./system/src/newlib/_sbrk.o
 .debug_line    0x0000066b      0x3c4 ./system/src/newlib/_startup.o
 .debug_line    0x00000a2f      0x431 ./system/src/newlib/_syscalls.o
 .debug_line    0x00000e60      0x3cb ./system/src/diag/Trace.o
 .debug_line    0x0000122b      0x643 ./system/src/diag/trace_impl.o
 .debug_line    0x0000186e      0x37b ./system/src/cortexm/_initialize_hardware.o
 .debug_line    0x00001be9      0x6ec ./system/src/cortexm/exception_handlers.o
 .debug_line    0x000022d5      0x3db ./system/src/cmsis/system_stm32f10x.o
 .debug_line    0x000026b0      0x10b ./system/src/cmsis/vectors_stm32f10x.o
 .debug_line    0x000027bb       0xa9 ./05-OS/SCHEDULER_config.o
 .debug_line    0x00002864      0x161 ./05-OS/SCHEDULER_program.o
 .debug_line    0x000029c5      0x566 ./03-APP/main.o
 .debug_line    0x00002f2b      0x2e8 ./02-HAL/02-HCLCD/HCLCD_program.o
 .debug_line    0x00003213      0x128 ./02-HAL/01-SWITCH/SWITCH_config.o
 .debug_line    0x0000333b      0x1c5 ./02-HAL/01-SWITCH/SWITCH_program.o
 .debug_line    0x00003500      0x1de ./01-MCAL/05-UART/UART_program.o
 .debug_line    0x000036de      0x10f ./01-MCAL/04-SYSTIC/SYSTICK_program.o
 .debug_line    0x000037ed      0x121 ./01-MCAL/03-NVIC/NVIC_program.o
 .debug_line    0x0000390e      0x128 ./01-MCAL/02-GPIO/GPIO_program.o
 .debug_line    0x00003a36      0x1b2 ./01-MCAL/01-RCC/RCC_program.o

.debug_frame    0x00000000      0xc80
 *(.debug_frame)
 .debug_frame   0x00000000       0x38 ./system/src/newlib/_exit.o
 .debug_frame   0x00000038       0x28 ./system/src/newlib/_sbrk.o
 .debug_frame   0x00000060       0x7c ./system/src/newlib/_startup.o
 .debug_frame   0x000000dc       0x50 ./system/src/newlib/_syscalls.o
 .debug_frame   0x0000012c       0x94 ./system/src/diag/Trace.o
 .debug_frame   0x000001c0       0x60 ./system/src/diag/trace_impl.o
 .debug_frame   0x00000220       0x40 ./system/src/cortexm/_initialize_hardware.o
 .debug_frame   0x00000260      0x158 ./system/src/cortexm/exception_handlers.o
 .debug_frame   0x000003b8       0x68 ./system/src/cmsis/system_stm32f10x.o
 .debug_frame   0x00000420       0x20 ./system/src/cmsis/vectors_stm32f10x.o
 .debug_frame   0x00000440       0x20 ./05-OS/SCHEDULER_config.o
 .debug_frame   0x00000460       0x70 ./05-OS/SCHEDULER_program.o
 .debug_frame   0x000004d0       0x44 ./03-APP/main.o
 .debug_frame   0x00000514      0x11c ./02-HAL/02-HCLCD/HCLCD_program.o
 .debug_frame   0x00000630       0x20 ./02-HAL/01-SWITCH/SWITCH_config.o
 .debug_frame   0x00000650       0x78 ./02-HAL/01-SWITCH/SWITCH_program.o
 .debug_frame   0x000006c8       0xa4 ./01-MCAL/05-UART/UART_program.o
 .debug_frame   0x0000076c       0x78 ./01-MCAL/04-SYSTIC/SYSTICK_program.o
 .debug_frame   0x000007e4       0xe0 ./01-MCAL/03-NVIC/NVIC_program.o
 .debug_frame   0x000008c4       0x70 ./01-MCAL/02-GPIO/GPIO_program.o
 .debug_frame   0x00000934       0x60 ./01-MCAL/01-RCC/RCC_program.o
 .debug_frame   0x00000994       0x20 d:/iti courses/armarcitecture/arm_training/arm tools iti/arm gcc/bin/../lib/gcc/arm-none-eabi/5.4.1/../../../../arm-none-eabi/lib/armv7-m\libg_nano.a(lib_a-errno.o)
 .debug_frame   0x000009b4       0x48 d:/iti courses/armarcitecture/arm_training/arm tools iti/arm gcc/bin/../lib/gcc/arm-none-eabi/5.4.1/../../../../arm-none-eabi/lib/armv7-m\libg_nano.a(lib_a-vsnprintf.o)
 .debug_frame   0x000009fc       0x90 d:/iti courses/armarcitecture/arm_training/arm tools iti/arm gcc/bin/../lib/gcc/arm-none-eabi/5.4.1/../../../../arm-none-eabi/lib/armv7-m\libg_nano.a(lib_a-nano-svfprintf.o)
 .debug_frame   0x00000a8c       0x60 d:/iti courses/armarcitecture/arm_training/arm tools iti/arm gcc/bin/../lib/gcc/arm-none-eabi/5.4.1/../../../../arm-none-eabi/lib/armv7-m\libg_nano.a(lib_a-nano-vfprintf_i.o)
 .debug_frame   0x00000aec       0x28 d:/iti courses/armarcitecture/arm_training/arm tools iti/arm gcc/bin/../lib/gcc/arm-none-eabi/5.4.1/../../../../arm-none-eabi/lib/armv7-m\libg_nano.a(lib_a-memchr-stub.o)
 .debug_frame   0x00000b14       0x28 d:/iti courses/armarcitecture/arm_training/arm tools iti/arm gcc/bin/../lib/gcc/arm-none-eabi/5.4.1/../../../../arm-none-eabi/lib/armv7-m\libg_nano.a(lib_a-memcpy-stub.o)
 .debug_frame   0x00000b3c       0x28 d:/iti courses/armarcitecture/arm_training/arm tools iti/arm gcc/bin/../lib/gcc/arm-none-eabi/5.4.1/../../../../arm-none-eabi/lib/armv7-m\libg_nano.a(lib_a-memmove.o)
 .debug_frame   0x00000b64       0x38 d:/iti courses/armarcitecture/arm_training/arm tools iti/arm gcc/bin/../lib/gcc/arm-none-eabi/5.4.1/../../../../arm-none-eabi/lib/armv7-m\libg_nano.a(lib_a-nano-freer.o)
 .debug_frame   0x00000b9c       0x2c d:/iti courses/armarcitecture/arm_training/arm tools iti/arm gcc/bin/../lib/gcc/arm-none-eabi/5.4.1/../../../../arm-none-eabi/lib/armv7-m\libg_nano.a(lib_a-nano-mallocr.o)
 .debug_frame   0x00000bc8       0x3c d:/iti courses/armarcitecture/arm_training/arm tools iti/arm gcc/bin/../lib/gcc/arm-none-eabi/5.4.1/../../../../arm-none-eabi/lib/armv7-m\libg_nano.a(lib_a-nano-reallocr.o)
 .debug_frame   0x00000c04       0x2c d:/iti courses/armarcitecture/arm_training/arm tools iti/arm gcc/bin/../lib/gcc/arm-none-eabi/5.4.1/../../../../arm-none-eabi/lib/armv7-m\libg_nano.a(lib_a-sbrkr.o)
 .debug_frame   0x00000c30       0x30 d:/iti courses/armarcitecture/arm_training/arm tools iti/arm gcc/bin/../lib/gcc/arm-none-eabi/5.4.1/../../../../arm-none-eabi/lib/armv7-m\libg_nano.a(lib_a-mlock.o)
 .debug_frame   0x00000c60       0x20 d:/iti courses/armarcitecture/arm_training/arm tools iti/arm gcc/bin/../lib/gcc/arm-none-eabi/5.4.1/../../../../arm-none-eabi/lib/armv7-m\libg_nano.a(lib_a-nano-msizer.o)

.debug_str      0x00000000    0x57974
 *(.debug_str)
 .debug_str     0x00000000     0x6d45 ./system/src/newlib/_exit.o
                               0x6eb7 (size before relaxing)
 .debug_str     0x00006d45      0x4de ./system/src/newlib/_sbrk.o
                               0x62a2 (size before relaxing)
 .debug_str     0x00007223      0xbc3 ./system/src/newlib/_startup.o
                               0x5e57 (size before relaxing)
 .debug_str     0x00007de6      0xe18 ./system/src/newlib/_syscalls.o
                               0x7102 (size before relaxing)
 .debug_str     0x00008bfe      0x890 ./system/src/diag/Trace.o
                               0x76a7 (size before relaxing)
 .debug_str     0x0000948e    0x4b2a9 ./system/src/diag/trace_impl.o
                              0x51e69 (size before relaxing)
 .debug_str     0x00054737       0xc4 ./system/src/cortexm/_initialize_hardware.o
                              0x4e023 (size before relaxing)
 .debug_str     0x000547fb      0x1a6 ./system/src/cortexm/exception_handlers.o
                              0x52c2b (size before relaxing)
 .debug_str     0x000549a1      0x124 ./system/src/cmsis/system_stm32f10x.o
                              0x4e0cd (size before relaxing)
 .debug_str     0x00054ac5       0x57 ./system/src/cmsis/vectors_stm32f10x.o
                               0x3072 (size before relaxing)
 .debug_str     0x00054b1c      0x137 ./05-OS/SCHEDULER_config.o
                               0x26dd (size before relaxing)
 .debug_str     0x00054c53      0x14a ./05-OS/SCHEDULER_program.o
                               0x27e5 (size before relaxing)
 .debug_str     0x00054d9d      0x9b0 ./03-APP/main.o
                               0x807c (size before relaxing)
 .debug_str     0x0005574d      0x7ed ./02-HAL/02-HCLCD/HCLCD_program.o
                               0x32b1 (size before relaxing)
 .debug_str     0x00055f3a       0x5b ./02-HAL/01-SWITCH/SWITCH_config.o
                               0x2e00 (size before relaxing)
 .debug_str     0x00055f95       0xaa ./02-HAL/01-SWITCH/SWITCH_program.o
                               0x2f6f (size before relaxing)
 .debug_str     0x0005603f     0x1382 ./01-MCAL/05-UART/UART_program.o
                               0x3d30 (size before relaxing)
 .debug_str     0x000573c1      0x160 ./01-MCAL/04-SYSTIC/SYSTICK_program.o
                               0x27d7 (size before relaxing)
 .debug_str     0x00057521      0x282 ./01-MCAL/03-NVIC/NVIC_program.o
                               0x37b2 (size before relaxing)
 .debug_str     0x000577a3       0xd5 ./01-MCAL/02-GPIO/GPIO_program.o
                               0x2a95 (size before relaxing)
 .debug_str     0x00057878       0xfc ./01-MCAL/01-RCC/RCC_program.o
                               0x2abd (size before relaxing)

.debug_loc      0x00000000     0x1ccc
 *(.debug_loc)
 .debug_loc     0x00000000       0x82 ./system/src/newlib/_sbrk.o
 .debug_loc     0x00000082      0x265 ./system/src/newlib/_startup.o
 .debug_loc     0x000002e7       0x63 ./system/src/newlib/_syscalls.o
 .debug_loc     0x0000034a      0x102 ./system/src/diag/Trace.o
 .debug_loc     0x0000044c      0x17c ./system/src/diag/trace_impl.o
 .debug_loc     0x000005c8      0x2a8 ./system/src/cortexm/exception_handlers.o
 .debug_loc     0x00000870       0xdf ./system/src/cmsis/system_stm32f10x.o
 .debug_loc     0x0000094f       0x67 ./05-OS/SCHEDULER_program.o
 .debug_loc     0x000009b6       0x42 ./03-APP/main.o
 .debug_loc     0x000009f8      0x4e8 ./02-HAL/02-HCLCD/HCLCD_program.o
 .debug_loc     0x00000ee0       0x21 ./02-HAL/01-SWITCH/SWITCH_config.o
 .debug_loc     0x00000f01       0xe7 ./02-HAL/01-SWITCH/SWITCH_program.o
 .debug_loc     0x00000fe8      0x2bc ./01-MCAL/05-UART/UART_program.o
 .debug_loc     0x000012a4       0x7b ./01-MCAL/04-SYSTIC/SYSTICK_program.o
 .debug_loc     0x0000131f      0x236 ./01-MCAL/03-NVIC/NVIC_program.o
 .debug_loc     0x00001555      0x338 ./01-MCAL/02-GPIO/GPIO_program.o
 .debug_loc     0x0000188d      0x43f ./01-MCAL/01-RCC/RCC_program.o

.debug_macinfo
 *(.debug_macinfo)

.debug_weaknames
 *(.debug_weaknames)

.debug_funcnames
 *(.debug_funcnames)

.debug_typenames
 *(.debug_typenames)

.debug_varnames
 *(.debug_varnames)
OUTPUT(FirstProject.elf elf32-littlearm)

.debug_ranges   0x00000000      0x3e8
 .debug_ranges  0x00000000       0x18 ./system/src/newlib/_exit.o
 .debug_ranges  0x00000018       0x10 ./system/src/newlib/_sbrk.o
 .debug_ranges  0x00000028       0x48 ./system/src/newlib/_startup.o
 .debug_ranges  0x00000070       0x20 ./system/src/newlib/_syscalls.o
 .debug_ranges  0x00000090       0x28 ./system/src/diag/Trace.o
 .debug_ranges  0x000000b8       0x38 ./system/src/diag/trace_impl.o
 .debug_ranges  0x000000f0       0x18 ./system/src/cortexm/_initialize_hardware.o
 .debug_ranges  0x00000108       0x98 ./system/src/cortexm/exception_handlers.o
 .debug_ranges  0x000001a0       0x28 ./system/src/cmsis/system_stm32f10x.o
 .debug_ranges  0x000001c8       0x10 ./system/src/cmsis/vectors_stm32f10x.o
 .debug_ranges  0x000001d8       0x10 ./05-OS/SCHEDULER_config.o
 .debug_ranges  0x000001e8       0x28 ./05-OS/SCHEDULER_program.o
 .debug_ranges  0x00000210       0x18 ./03-APP/main.o
 .debug_ranges  0x00000228       0x68 ./02-HAL/02-HCLCD/HCLCD_program.o
 .debug_ranges  0x00000290       0x10 ./02-HAL/01-SWITCH/SWITCH_config.o
 .debug_ranges  0x000002a0       0x28 ./02-HAL/01-SWITCH/SWITCH_program.o
 .debug_ranges  0x000002c8       0x40 ./01-MCAL/05-UART/UART_program.o
 .debug_ranges  0x00000308       0x38 ./01-MCAL/04-SYSTIC/SYSTICK_program.o
 .debug_ranges  0x00000340       0x48 ./01-MCAL/03-NVIC/NVIC_program.o
 .debug_ranges  0x00000388       0x30 ./01-MCAL/02-GPIO/GPIO_program.o
 .debug_ranges  0x000003b8       0x30 ./01-MCAL/01-RCC/RCC_program.o

.debug_macro    0x00000000     0x351c
 .debug_macro   0x00000000      0x19c ./system/src/newlib/_exit.o
 .debug_macro   0x0000019c       0x9c ./system/src/newlib/_exit.o
 .debug_macro   0x00000238      0x10e ./system/src/newlib/_exit.o
 .debug_macro   0x00000346       0x8d ./system/src/newlib/_exit.o
 .debug_macro   0x000003d3       0x43 ./system/src/newlib/_exit.o
 .debug_macro   0x00000416      0x30d ./system/src/newlib/_exit.o
 .debug_macro   0x00000723       0x35 ./system/src/newlib/_exit.o
 .debug_macro   0x00000758      0x151 ./system/src/newlib/_sbrk.o
 .debug_macro   0x000008a9      0x174 ./system/src/newlib/_sbrk.o
 .debug_macro   0x00000a1d       0x10 ./system/src/newlib/_sbrk.o
 .debug_macro   0x00000a2d      0x23b ./system/src/newlib/_sbrk.o
 .debug_macro   0x00000c68      0x15b ./system/src/newlib/_startup.o
 .debug_macro   0x00000dc3      0x1ff ./system/src/newlib/_syscalls.o
 .debug_macro   0x00000fc2       0x1c ./system/src/newlib/_syscalls.o
 .debug_macro   0x00000fde       0x10 ./system/src/newlib/_syscalls.o
 .debug_macro   0x00000fee       0x10 ./system/src/newlib/_syscalls.o
 .debug_macro   0x00000ffe       0x10 ./system/src/newlib/_syscalls.o
 .debug_macro   0x0000100e       0x35 ./system/src/newlib/_syscalls.o
 .debug_macro   0x00001043      0x122 ./system/src/newlib/_syscalls.o
 .debug_macro   0x00001165       0x88 ./system/src/newlib/_syscalls.o
 .debug_macro   0x000011ed       0x2b ./system/src/newlib/_syscalls.o
 .debug_macro   0x00001218      0x118 ./system/src/newlib/_syscalls.o
 .debug_macro   0x00001330      0x159 ./system/src/newlib/_syscalls.o
 .debug_macro   0x00001489       0x16 ./system/src/newlib/_syscalls.o
 .debug_macro   0x0000149f      0x1d9 ./system/src/diag/Trace.o
 .debug_macro   0x00001678       0x16 ./system/src/diag/Trace.o
 .debug_macro   0x0000168e       0x97 ./system/src/diag/Trace.o
 .debug_macro   0x00001725       0xfd ./system/src/diag/Trace.o
 .debug_macro   0x00001822       0x10 ./system/src/diag/Trace.o
 .debug_macro   0x00001832       0x16 ./system/src/diag/Trace.o
 .debug_macro   0x00001848      0x18b ./system/src/diag/Trace.o
 .debug_macro   0x000019d3       0x4c ./system/src/diag/Trace.o
 .debug_macro   0x00001a1f       0x16 ./system/src/diag/Trace.o
 .debug_macro   0x00001a35      0x2c2 ./system/src/diag/trace_impl.o
 .debug_macro   0x00001cf7       0x10 ./system/src/diag/trace_impl.o
 .debug_macro   0x00001d07       0xcf ./system/src/diag/trace_impl.o
 .debug_macro   0x00001dd6       0xbe ./system/src/diag/trace_impl.o
 .debug_macro   0x00001e94       0x22 ./system/src/diag/trace_impl.o
 .debug_macro   0x00001eb6      0x16b ./system/src/cortexm/_initialize_hardware.o
 .debug_macro   0x00002021      0x302 ./system/src/cortexm/exception_handlers.o
 .debug_macro   0x00002323       0x3b ./system/src/cortexm/exception_handlers.o
 .debug_macro   0x0000235e       0x10 ./system/src/cortexm/exception_handlers.o
 .debug_macro   0x0000236e      0x16e ./system/src/cmsis/system_stm32f10x.o
 .debug_macro   0x000024dc       0x34 ./system/src/cmsis/vectors_stm32f10x.o
 .debug_macro   0x00002510       0x2c ./05-OS/SCHEDULER_config.o
 .debug_macro   0x0000253c       0x22 ./05-OS/SCHEDULER_config.o
 .debug_macro   0x0000255e       0x16 ./05-OS/SCHEDULER_config.o
 .debug_macro   0x00002574       0x16 ./05-OS/SCHEDULER_config.o
 .debug_macro   0x0000258a       0x35 ./05-OS/SCHEDULER_program.o
 .debug_macro   0x000025bf       0x16 ./05-OS/SCHEDULER_program.o
 .debug_macro   0x000025d5      0x22f ./03-APP/main.o
 .debug_macro   0x00002804      0x118 ./03-APP/main.o
 .debug_macro   0x0000291c       0xe8 ./03-APP/main.o
 .debug_macro   0x00002a04       0x76 ./03-APP/main.o
 .debug_macro   0x00002a7a       0x28 ./03-APP/main.o
 .debug_macro   0x00002aa2       0x28 ./03-APP/main.o
 .debug_macro   0x00002aca       0x98 ./02-HAL/02-HCLCD/HCLCD_program.o
 .debug_macro   0x00002b62       0xfa ./02-HAL/02-HCLCD/HCLCD_program.o
 .debug_macro   0x00002c5c       0x3e ./02-HAL/01-SWITCH/SWITCH_config.o
 .debug_macro   0x00002c9a       0x47 ./02-HAL/01-SWITCH/SWITCH_program.o
 .debug_macro   0x00002ce1       0xea ./01-MCAL/05-UART/UART_program.o
 .debug_macro   0x00002dcb      0x640 ./01-MCAL/05-UART/UART_program.o
 .debug_macro   0x0000340b       0x44 ./01-MCAL/04-SYSTIC/SYSTICK_program.o
 .debug_macro   0x0000344f       0x16 ./01-MCAL/04-SYSTIC/SYSTICK_program.o
 .debug_macro   0x00003465       0x59 ./01-MCAL/03-NVIC/NVIC_program.o
 .debug_macro   0x000034be       0x2f ./01-MCAL/02-GPIO/GPIO_program.o
 .debug_macro   0x000034ed       0x2f ./01-MCAL/01-RCC/RCC_program.o
