Archive member included to satisfy reference by file (symbol)

d:/embedded_system/es-iti/sdk/imt_sdk_win_64/imt_sdk_win_64/winarm/armgcc/bin/../lib/gcc/arm-none-eabi/7.2.1/../../../../arm-none-eabi/lib/thumb/v7-m\libg_nano.a(lib_a-errno.o)
                              ./system/src/newlib/_sbrk.o (__errno)
d:/embedded_system/es-iti/sdk/imt_sdk_win_64/imt_sdk_win_64/winarm/armgcc/bin/../lib/gcc/arm-none-eabi/7.2.1/../../../../arm-none-eabi/lib/thumb/v7-m\libg_nano.a(lib_a-impure.o)
                              d:/embedded_system/es-iti/sdk/imt_sdk_win_64/imt_sdk_win_64/winarm/armgcc/bin/../lib/gcc/arm-none-eabi/7.2.1/../../../../arm-none-eabi/lib/thumb/v7-m\libg_nano.a(lib_a-errno.o) (_impure_ptr)
d:/embedded_system/es-iti/sdk/imt_sdk_win_64/imt_sdk_win_64/winarm/armgcc/bin/../lib/gcc/arm-none-eabi/7.2.1/../../../../arm-none-eabi/lib/thumb/v7-m\libg_nano.a(lib_a-itoa.o)
                              ./03-APP/APP/APP.o (itoa)
d:/embedded_system/es-iti/sdk/imt_sdk_win_64/imt_sdk_win_64/winarm/armgcc/bin/../lib/gcc/arm-none-eabi/7.2.1/../../../../arm-none-eabi/lib/thumb/v7-m\libg_nano.a(lib_a-strlen.o)
                              ./system/src/diag/Trace.o (strlen)
d:/embedded_system/es-iti/sdk/imt_sdk_win_64/imt_sdk_win_64/winarm/armgcc/bin/../lib/gcc/arm-none-eabi/7.2.1/../../../../arm-none-eabi/lib/thumb/v7-m\libg_nano.a(lib_a-utoa.o)
                              d:/embedded_system/es-iti/sdk/imt_sdk_win_64/imt_sdk_win_64/winarm/armgcc/bin/../lib/gcc/arm-none-eabi/7.2.1/../../../../arm-none-eabi/lib/thumb/v7-m\libg_nano.a(lib_a-itoa.o) (__utoa)
d:/embedded_system/es-iti/sdk/imt_sdk_win_64/imt_sdk_win_64/winarm/armgcc/bin/../lib/gcc/arm-none-eabi/7.2.1/../../../../arm-none-eabi/lib/thumb/v7-m\libg_nano.a(lib_a-vsnprintf.o)
                              ./system/src/diag/Trace.o (vsnprintf)
d:/embedded_system/es-iti/sdk/imt_sdk_win_64/imt_sdk_win_64/winarm/armgcc/bin/../lib/gcc/arm-none-eabi/7.2.1/../../../../arm-none-eabi/lib/thumb/v7-m\libg_nano.a(lib_a-nano-svfprintf.o)
                              d:/embedded_system/es-iti/sdk/imt_sdk_win_64/imt_sdk_win_64/winarm/armgcc/bin/../lib/gcc/arm-none-eabi/7.2.1/../../../../arm-none-eabi/lib/thumb/v7-m\libg_nano.a(lib_a-vsnprintf.o) (_svfprintf_r)
d:/embedded_system/es-iti/sdk/imt_sdk_win_64/imt_sdk_win_64/winarm/armgcc/bin/../lib/gcc/arm-none-eabi/7.2.1/../../../../arm-none-eabi/lib/thumb/v7-m\libg_nano.a(lib_a-nano-vfprintf_i.o)
                              d:/embedded_system/es-iti/sdk/imt_sdk_win_64/imt_sdk_win_64/winarm/armgcc/bin/../lib/gcc/arm-none-eabi/7.2.1/../../../../arm-none-eabi/lib/thumb/v7-m\libg_nano.a(lib_a-nano-svfprintf.o) (_printf_i)
d:/embedded_system/es-iti/sdk/imt_sdk_win_64/imt_sdk_win_64/winarm/armgcc/bin/../lib/gcc/arm-none-eabi/7.2.1/../../../../arm-none-eabi/lib/thumb/v7-m\libg_nano.a(lib_a-memchr-stub.o)
                              d:/embedded_system/es-iti/sdk/imt_sdk_win_64/imt_sdk_win_64/winarm/armgcc/bin/../lib/gcc/arm-none-eabi/7.2.1/../../../../arm-none-eabi/lib/thumb/v7-m\libg_nano.a(lib_a-nano-svfprintf.o) (memchr)
d:/embedded_system/es-iti/sdk/imt_sdk_win_64/imt_sdk_win_64/winarm/armgcc/bin/../lib/gcc/arm-none-eabi/7.2.1/../../../../arm-none-eabi/lib/thumb/v7-m\libg_nano.a(lib_a-memcpy-stub.o)
                              d:/embedded_system/es-iti/sdk/imt_sdk_win_64/imt_sdk_win_64/winarm/armgcc/bin/../lib/gcc/arm-none-eabi/7.2.1/../../../../arm-none-eabi/lib/thumb/v7-m\libg_nano.a(lib_a-nano-svfprintf.o) (memcpy)
d:/embedded_system/es-iti/sdk/imt_sdk_win_64/imt_sdk_win_64/winarm/armgcc/bin/../lib/gcc/arm-none-eabi/7.2.1/../../../../arm-none-eabi/lib/thumb/v7-m\libg_nano.a(lib_a-memmove.o)
                              d:/embedded_system/es-iti/sdk/imt_sdk_win_64/imt_sdk_win_64/winarm/armgcc/bin/../lib/gcc/arm-none-eabi/7.2.1/../../../../arm-none-eabi/lib/thumb/v7-m\libg_nano.a(lib_a-nano-svfprintf.o) (memmove)
d:/embedded_system/es-iti/sdk/imt_sdk_win_64/imt_sdk_win_64/winarm/armgcc/bin/../lib/gcc/arm-none-eabi/7.2.1/../../../../arm-none-eabi/lib/thumb/v7-m\libg_nano.a(lib_a-nano-freer.o)
                              d:/embedded_system/es-iti/sdk/imt_sdk_win_64/imt_sdk_win_64/winarm/armgcc/bin/../lib/gcc/arm-none-eabi/7.2.1/../../../../arm-none-eabi/lib/thumb/v7-m\libg_nano.a(lib_a-nano-svfprintf.o) (_free_r)
d:/embedded_system/es-iti/sdk/imt_sdk_win_64/imt_sdk_win_64/winarm/armgcc/bin/../lib/gcc/arm-none-eabi/7.2.1/../../../../arm-none-eabi/lib/thumb/v7-m\libg_nano.a(lib_a-nano-mallocr.o)
                              d:/embedded_system/es-iti/sdk/imt_sdk_win_64/imt_sdk_win_64/winarm/armgcc/bin/../lib/gcc/arm-none-eabi/7.2.1/../../../../arm-none-eabi/lib/thumb/v7-m\libg_nano.a(lib_a-nano-svfprintf.o) (_malloc_r)
d:/embedded_system/es-iti/sdk/imt_sdk_win_64/imt_sdk_win_64/winarm/armgcc/bin/../lib/gcc/arm-none-eabi/7.2.1/../../../../arm-none-eabi/lib/thumb/v7-m\libg_nano.a(lib_a-nano-reallocr.o)
[...]
Memory Configuration

Name             Origin             Length             Attributes
RAM              0x20000000         0x00005000         xrw
CCMRAM           0x00000000         0x00000000         xrw
FLASH            0x08000000         0x00010000         xr
FLASHB1          0x00000000         0x00000000         xr
EXTMEMB0         0x00000000         0x00000000         xr
EXTMEMB1         0x00000000         0x00000000         xr
EXTMEMB2         0x00000000         0x00000000         xr
EXTMEMB3         0x00000000         0x00000000         xr
MEMORY_ARRAY     0x00000000         0x00000000         xrw
*default*        0x00000000         0xffffffff

Linker script and memory map

LOAD ./system/src/stm32f1-stdperiph/misc.o
LOAD ./system/src/stm32f1-stdperiph/stm32f10x_gpio.o
LOAD ./system/src/stm32f1-stdperiph/stm32f10x_rcc.o
LOAD ./system/src/newlib/_cxx.o
LOAD ./system/src/newlib/_exit.o
LOAD ./system/src/newlib/_sbrk.o
LOAD ./system/src/newlib/_startup.o
LOAD ./system/src/newlib/_syscalls.o
LOAD ./system/src/newlib/assert.o
LOAD ./system/src/diag/Trace.o
LOAD ./system/src/diag/trace_impl.o
LOAD ./system/src/cortexm/_initialize_hardware.o
LOAD ./system/src/cortexm/_reset_hardware.o
LOAD ./system/src/cortexm/exception_handlers.o
LOAD ./system/src/cmsis/system_stm32f10x.o
LOAD ./system/src/cmsis/vectors_stm32f10x.o
LOAD ./05-OS/SCHEDULER_config.o
LOAD ./05-OS/SCHEDULER_program.o
LOAD ./03-APP/APP/APP.o
LOAD ./03-APP/main.o
LOAD ./02-HAL/02-HCLCD/HCLCD_program.o
LOAD ./02-HAL/01-SWITCH/SWITCH_config.o
LOAD ./02-HAL/01-SWITCH/SWITCH_program.o
LOAD ./01-MCAL/05-UART/HUART.o
LOAD ./01-MCAL/05-UART/UART_config.o
LOAD ./01-MCAL/05-UART/UART_program.o
LOAD ./01-MCAL/04-SYSTIC/SYSTICK_program.o
LOAD ./01-MCAL/03-NVIC/NVIC_program.o
LOAD ./01-MCAL/02-GPIO/GPIO_program.o
LOAD ./01-MCAL/01-RCC/RCC_program.o
LOAD d:/embedded_system/es-iti/sdk/imt_sdk_win_64/imt_sdk_win_64/winarm/armgcc/bin/../lib/gcc/arm-none-eabi/7.2.1/../../../../arm-none-eabi/lib/thumb/v7-m\libstdc++_nano.a
LOAD d:/embedded_system/es-iti/sdk/imt_sdk_win_64/imt_sdk_win_64/winarm/armgcc/bin/../lib/gcc/arm-none-eabi/7.2.1/../../../../arm-none-eabi/lib/thumb/v7-m\libm.a
START GROUP
LOAD d:/embedded_system/es-iti/sdk/imt_sdk_win_64/imt_sdk_win_64/winarm/armgcc/bin/../lib/gcc/arm-none-eabi/7.2.1/thumb/v7-m\libgcc.a
LOAD d:/embedded_system/es-iti/sdk/imt_sdk_win_64/imt_sdk_win_64/winarm/armgcc/bin/../lib/gcc/arm-none-eabi/7.2.1/../../../../arm-none-eabi/lib/thumb/v7-m\libg_nano.a
LOAD d:/embedded_system/es-iti/sdk/imt_sdk_win_64/imt_sdk_win_64/winarm/armgcc/bin/../lib/gcc/arm-none-eabi/7.2.1/../../../../arm-none-eabi/lib/thumb/v7-m\libc_nano.a
END GROUP
START GROUP
LOAD d:/embedded_system/es-iti/sdk/imt_sdk_win_64/imt_sdk_win_64/winarm/armgcc/bin/../lib/gcc/arm-none-eabi/7.2.1/thumb/v7-m\libgcc.a
LOAD d:/embedded_system/es-iti/sdk/imt_sdk_win_64/imt_sdk_win_64/winarm/armgcc/bin/../lib/gcc/arm-none-eabi/7.2.1/../../../../arm-none-eabi/lib/thumb/v7-m\libc_nano.a
END GROUP
                0x20005000                __stack = (ORIGIN (RAM) + LENGTH (RAM))
                0x20005000                _estack = __stack
                0x00000400                __Main_Stack_Size = 0x400
                [!provide]                PROVIDE (_Main_Stack_Size, __Main_Stack_Size)
                0x20004c00                __Main_Stack_Limit = (__stack - __Main_Stack_Size)
                [!provide]                PROVIDE (_Main_Stack_Limit, __Main_Stack_Limit)
                0x00000100                _Minimum_Stack_Size = 0x100
                0x200003ac                PROVIDE (_Heap_Begin, _end_noinit)
                0x20004c00                PROVIDE (_Heap_Limit, (__stack - __Main_Stack_Size))

.isr_vector     0x08000000      0x350
 FILL mask 0xff
                0x08000000                __vectors_start = ABSOLUTE (.)
                0x08000000                __vectors_start__ = ABSOLUTE (.)
 *(.isr_vector)
 .isr_vector    0x08000000      0x10c ./system/src/cmsis/vectors_stm32f10x.o
                0x08000000                __isr_vectors
 *(.cfmconfig)
 *(.after_vectors .after_vectors.*)
 .after_vectors
                0x0800010c      0x114 ./system/src/newlib/_startup.o
                0x0800010c                _start
 .after_vectors
                0x08000220      0x12c ./system/src/cortexm/exception_handlers.o
                0x08000220                Reset_Handler
                0x08000226                NMI_Handler
                0x0800022a                HardFault_Handler
                0x0800023e                HardFault_Handler_C
                0x0800029c                MemManage_Handler
                0x080002a0                BusFault_Handler
                0x080002b4                BusFault_Handler_C
                0x080002e8                UsageFault_Handler
                0x080002fc                UsageFault_Handler_C
                0x08000330                SVC_Handler
                0x08000334                DebugMon_Handler
                0x08000338                PendSV_Handler
 .after_vectors
                0x0800034c        0x4 ./system/src/cmsis/vectors_stm32f10x.o
                0x0800034c                EXTI2_IRQHandler
                0x0800034c                TIM8_TRG_COM_IRQHandler
                0x0800034c                TIM8_CC_IRQHandler
                0x0800034c                TIM1_CC_IRQHandler
                0x0800034c                TIM6_IRQHandler
                0x0800034c                PVD_IRQHandler
                0x0800034c                SDIO_IRQHandler
                0x0800034c                CAN2_RX1_IRQHandler
                0x0800034c                EXTI3_IRQHandler
                0x0800034c                TIM8_TRG_COM_TIM14_IRQHandler
                0x0800034c                TIM1_UP_TIM10_IRQHandler
                0x0800034c                TIM8_UP_TIM13_IRQHandler
                0x0800034c                EXTI0_IRQHandler
                0x0800034c                I2C2_EV_IRQHandler
                0x0800034c                CAN1_RX0_IRQHandler
                0x0800034c                TIM1_UP_TIM16_IRQHandler
                0x0800034c                CAN2_SCE_IRQHandler
                0x0800034c                ADC1_2_IRQHandler
                0x0800034c                SPI1_IRQHandler
                0x0800034c                TAMPER_IRQHandler
                0x0800034c                TIM6_DAC_IRQHandler
                0x0800034c                TIM1_BRK_TIM9_IRQHandler
                0x0800034c                CAN2_RX0_IRQHandler
                0x0800034c                TIM8_UP_IRQHandler
                0x0800034c                DMA2_Channel2_IRQHandler
                0x0800034c                DMA1_Channel4_IRQHandler
                0x0800034c                USART3_IRQHandler
                0x0800034c                RTC_IRQHandler
                0x0800034c                DMA1_Channel7_IRQHandler
                0x0800034c                CAN1_RX1_IRQHandler
                0x0800034c                UART5_IRQHandler
                0x0800034c                ADC3_IRQHandler
                0x0800034c                TIM4_IRQHandler
                0x0800034c                DMA2_Channel1_IRQHandler
                0x0800034c                I2C1_EV_IRQHandler
                0x0800034c                DMA1_Channel6_IRQHandler
                0x0800034c                UART4_IRQHandler
                0x0800034c                DMA2_Channel4_IRQHandler
                0x0800034c                TIM3_IRQHandler
                0x0800034c                RCC_IRQHandler
                0x0800034c                TIM8_BRK_TIM12_IRQHandler
                0x0800034c                TIM1_TRG_COM_IRQHandler
                0x0800034c                DMA1_Channel1_IRQHandler
                0x0800034c                Default_Handler
                0x0800034c                CEC_IRQHandler
                0x0800034c                EXTI15_10_IRQHandler
                0x0800034c                TIM14_IRQHandler
                0x0800034c                TIM13_IRQHandler
                0x0800034c                TIM12_IRQHandler
                0x0800034c                TIM7_IRQHandler
                0x0800034c                CAN2_TX_IRQHandler
                0x0800034c                TIM5_IRQHandler
                0x0800034c                EXTI9_5_IRQHandler
                0x0800034c                ETH_WKUP_IRQHandler
                0x0800034c                SPI2_IRQHandler
                0x0800034c                CAN1_TX_IRQHandler
                0x0800034c                DMA2_Channel5_IRQHandler
                0x0800034c                DMA1_Channel5_IRQHandler
                0x0800034c                EXTI4_IRQHandler
                0x0800034c                USB_LP_CAN1_RX0_IRQHandler
                0x0800034c                TIM1_TRG_COM_TIM17_IRQHandler
                0x0800034c                USB_HP_CAN1_TX_IRQHandler
                0x0800034c                DMA1_Channel3_IRQHandler
                0x0800034c                FSMC_IRQHandler
                0x0800034c                ETH_IRQHandler
                0x0800034c                TIM1_UP_IRQHandler
                0x0800034c                WWDG_IRQHandler
                0x0800034c                TIM2_IRQHandler
                0x0800034c                OTG_FS_WKUP_IRQHandler
                0x0800034c                TIM1_TRG_COM_TIM11_IRQHandler
                0x0800034c                TIM1_BRK_IRQHandler
                0x0800034c                EXTI1_IRQHandler
                0x0800034c                RTCAlarm_IRQHandler
                0x0800034c                DMA2_Channel4_5_IRQHandler
                0x0800034c                USART2_IRQHandler
                0x0800034c                I2C2_ER_IRQHandler
                0x0800034c                DMA1_Channel2_IRQHandler
                0x0800034c                TIM8_BRK_IRQHandler
                0x0800034c                CAN1_SCE_IRQHandler
                0x0800034c                FLASH_IRQHandler
                0x0800034c                OTG_FS_IRQHandler
                0x0800034c                SPI3_IRQHandler
                0x0800034c                I2C1_ER_IRQHandler
                0x0800034c                USBWakeUp_IRQHandler
                0x0800034c                DMA2_Channel3_IRQHandler
                0x0800034c                TIM1_BRK_TIM15_IRQHandler

.inits          0x08000350       0x28
                0x08000350                __data_regions_array_start = .
                0x08000350        0x4 LONG 0x8001c54 LOADADDR (.data)
                0x08000354        0x4 LONG 0x20000000 ADDR (.data)
                0x08000358        0x4 LONG 0x20000178 (ADDR (.data) + SIZEOF (.data))
                0x0800035c        0x4 LONG 0x8001c54 LOADADDR (.data_CCMRAM)
                0x08000360        0x4 LONG 0x0 ADDR (.data_CCMRAM)
                0x08000364        0x4 LONG 0x0 (ADDR (.data_CCMRAM) + SIZEOF (.data_CCMRAM))
                0x08000368                __data_regions_array_end = .
                0x08000368                __bss_regions_array_start = .
                0x08000368        0x4 LONG 0x20000178 ADDR (.bss)
                0x0800036c        0x4 LONG 0x200003ac (ADDR (.bss) + SIZEOF (.bss))
                0x08000370        0x4 LONG 0x0 ADDR (.bss_CCMRAM)
                0x08000374        0x4 LONG 0x0 (ADDR (.bss_CCMRAM) + SIZEOF (.bss_CCMRAM))
                0x08000378                __bss_regions_array_end = .
 *(.init)
 *(.fini)
                0x08000378                . = ALIGN (0x4)
                0x08000378                PROVIDE (__preinit_array_start, .)
 *(.preinit_array_sysinit .preinit_array_sysinit.*)
 *(.preinit_array_platform .preinit_array_platform.*)
 *(.preinit_array .preinit_array.*)
                0x08000378                PROVIDE (__preinit_array_end, .)
                0x08000378                . = ALIGN (0x4)
                0x08000378                PROVIDE (__init_array_start, .)
 *(SORT_BY_NAME(.init_array.*))
 *(.init_array)
                0x08000378                PROVIDE (__init_array_end, .)
                0x08000378                . = ALIGN (0x4)
                0x08000378                PROVIDE (__fini_array_start, .)
 *(SORT_BY_NAME(.fini_array.*))
 *(.fini_array)
                0x08000378                PROVIDE (__fini_array_end, .)

.flashtext
 *(.flashtext .flashtext.*)

.text           0x08000378     0x18dc
 *(.text .text.*)
 .text._exit    0x08000378        0x2 ./system/src/newlib/_exit.o
                0x08000378                _exit
 *fill*         0x0800037a        0x2 
 .text._sbrk    0x0800037c       0x44 ./system/src/newlib/_sbrk.o
                0x0800037c                _sbrk
 .text.__initialize_args
                0x080003c0       0x10 ./system/src/newlib/_syscalls.o
                0x080003c0                __initialize_args
 .text.trace_printf
                0x080003d0       0x30 ./system/src/diag/Trace.o
                0x080003d0                trace_printf
 .text._trace_write_semihosting_debug
                0x08000400       0x60 ./system/src/diag/trace_impl.o
 .text.trace_write
                0x08000460        0x8 ./system/src/diag/trace_impl.o
                0x08000460                trace_write
 .text.__initialize_hardware_early
                0x08000468       0x18 ./system/src/cortexm/_initialize_hardware.o
                0x08000468                __initialize_hardware_early
 .text.__initialize_hardware
                0x08000480        0x8 ./system/src/cortexm/_initialize_hardware.o
                0x08000480                __initialize_hardware
 .text.dumpExceptionStack
                0x08000488       0xf4 ./system/src/cortexm/exception_handlers.o
                0x08000488                dumpExceptionStack
 .text.isSemihosting
                0x0800057c       0x20 ./system/src/cortexm/exception_handlers.o
                0x0800057c                isSemihosting
 .text.SetSysClockTo72
                0x0800059c       0xc4 ./system/src/cmsis/system_stm32f10x.o
 .text.SetSysClock
                0x08000660        0x8 ./system/src/cmsis/system_stm32f10x.o
 .text.SystemInit
                0x08000668       0x50 ./system/src/cmsis/system_stm32f10x.o
                0x08000668                SystemInit
 .text.SystemCoreClockUpdate
                0x080006b8       0x94 ./system/src/cmsis/system_stm32f10x.o
                0x080006b8                SystemCoreClockUpdate
 .text.SysTasksInfoFunc
                0x0800074c        0x8 ./05-OS/SCHEDULER_config.o
                0x0800074c                SysTasksInfoFunc
 .text.Scheduler
                0x08000754       0x50 ./05-OS/SCHEDULER_program.o
 .text.OsFlag_Set
                0x080007a4        0xc ./05-OS/SCHEDULER_program.o
 .text.SCHEDULER_Init
                0x080007b0       0x54 ./05-OS/SCHEDULER_program.o
                0x080007b0                SCHEDULER_Init
 .text.SCHEDULER_Start
                0x08000804       0x20 ./05-OS/SCHEDULER_program.o
                0x08000804                SCHEDULER_Start
 .text.Application
                0x08000824       0xa4 ./03-APP/APP/APP.o
                0x08000824                Application
 .text.APP_Init
                0x080008c8       0x34 ./03-APP/APP/APP.o
                0x080008c8                APP_Init
 .text.main     0x080008fc       0x10 ./03-APP/main.o
                0x080008fc                main
 .text.HCLCD_writeStringProcess
                0x0800090c       0xb4 ./02-HAL/02-HCLCD/HCLCD_program.o
 .text.HCLCD_clearProcess
                0x080009c0       0x88 ./02-HAL/02-HCLCD/HCLCD_program.o
 .text.HCLCD_moveCursorProcess
                0x08000a48       0x9c ./02-HAL/02-HCLCD/HCLCD_program.o
 .text.HCLCD_initProcess
                0x08000ae4      0x178 ./02-HAL/02-HCLCD/HCLCD_program.o
 .text.HCLCD_task
                0x08000c5c       0x38 ./02-HAL/02-HCLCD/HCLCD_program.o
                0x08000c5c                HCLCD_task
 .text.HCLCD_init
                0x08000c94       0x28 ./02-HAL/02-HCLCD/HCLCD_program.o
                0x08000c94                HCLCD_init
 .text.HCLCD_writeString
                0x08000cbc       0x40 ./02-HAL/02-HCLCD/HCLCD_program.o
                0x08000cbc                HCLCD_writeString
 .text.getSwitchMap
                0x08000cfc        0xc ./02-HAL/01-SWITCH/SWITCH_config.o
                0x08000cfc                getSwitchMap
 .text.switchTask
                0x08000d08       0x68 ./02-HAL/01-SWITCH/SWITCH_program.o
                0x08000d08                switchTask
 .text.Switch_Init
                0x08000d70        0xe ./02-HAL/01-SWITCH/SWITCH_program.o
                0x08000d70                Switch_Init
 *fill*         0x08000d7e        0x2 
 .text.SwitchTask_GetSwitchState
                0x08000d80       0x10 ./02-HAL/01-SWITCH/SWITCH_program.o
                0x08000d80                SwitchTask_GetSwitchState
 .text.HUART_InitGPIO
                0x08000d90       0x18 ./01-MCAL/05-UART/HUART.o
                0x08000d90                HUART_InitGPIO
 .text.UART_voidInit
                0x08000da8       0x6c ./01-MCAL/05-UART/UART_program.o
                0x08000da8                UART_voidInit
 .text.UART_Send
                0x08000e14       0x38 ./01-MCAL/05-UART/UART_program.o
                0x08000e14                UART_Send
 .text.UART_Recieve
                0x08000e4c       0x2c ./01-MCAL/05-UART/UART_program.o
                0x08000e4c                UART_Recieve
 .text.USART1_IRQHandler
                0x08000e78       0xa0 ./01-MCAL/05-UART/UART_program.o
                0x08000e78                USART1_IRQHandler
 .text.SYSTICK_Init
                0x08000f18       0x10 ./01-MCAL/04-SYSTIC/SYSTICK_program.o
                0x08000f18                SYSTICK_Init
 .text.SYSTICK_Start
                0x08000f28       0x10 ./01-MCAL/04-SYSTIC/SYSTICK_program.o
                0x08000f28                SYSTICK_Start
 .text.SYSTICK_SetTimerMS
                0x08000f38       0x28 ./01-MCAL/04-SYSTIC/SYSTICK_program.o
                0x08000f38                SYSTICK_SetTimerMS
 .text.SYSTICK_SetCallBack
                0x08000f60       0x14 ./01-MCAL/04-SYSTIC/SYSTICK_program.o
                0x08000f60                SYSTICK_SetCallBack
 .text.SysTick_Handler
                0x08000f74       0x10 ./01-MCAL/04-SYSTIC/SYSTICK_program.o
                0x08000f74                SysTick_Handler
 .text.NVIC_u8EnableIRQ
                0x08000f84       0x30 ./01-MCAL/03-NVIC/NVIC_program.o
                0x08000f84                NVIC_u8EnableIRQ
 .text.NVIC_u8ClearPending
                0x08000fb4       0x30 ./01-MCAL/03-NVIC/NVIC_program.o
                0x08000fb4                NVIC_u8ClearPending
 .text.GPIO_initPin
                0x08000fe4       0x92 ./01-MCAL/02-GPIO/GPIO_program.o
                0x08000fe4                GPIO_initPin
 .text.GPIO_directWritePin
                0x08001076       0x16 ./01-MCAL/02-GPIO/GPIO_program.o
                0x08001076                GPIO_directWritePin
 .text.GPIO_readPin
                0x0800108c       0x2c ./01-MCAL/02-GPIO/GPIO_program.o
                0x0800108c                GPIO_readPin
 .text.GPIO_directReadPin
                0x080010b8       0x24 ./01-MCAL/02-GPIO/GPIO_program.o
                0x080010b8                GPIO_directReadPin
 .text.RCC_EnablePrephiralClock
                0x080010dc       0x54 ./01-MCAL/01-RCC/RCC_program.o
                0x080010dc                RCC_EnablePrephiralClock
 .text.__errno  0x08001130        0xc d:/embedded_system/es-iti/sdk/imt_sdk_win_64/imt_sdk_win_64/winarm/armgcc/bin/../lib/gcc/arm-none-eabi/7.2.1/../../../../arm-none-eabi/lib/thumb/v7-m\libg_nano.a(lib_a-errno.o)
                0x08001130                __errno
 .text.__itoa   0x0800113c       0x30 d:/embedded_system/es-iti/sdk/imt_sdk_win_64/imt_sdk_win_64/winarm/armgcc/bin/../lib/gcc/arm-none-eabi/7.2.1/../../../../arm-none-eabi/lib/thumb/v7-m\libg_nano.a(lib_a-itoa.o)
                0x0800113c                __itoa
 .text.itoa     0x0800116c        0x4 d:/embedded_system/es-iti/sdk/imt_sdk_win_64/imt_sdk_win_64/winarm/armgcc/bin/../lib/gcc/arm-none-eabi/7.2.1/../../../../arm-none-eabi/lib/thumb/v7-m\libg_nano.a(lib_a-itoa.o)
                0x0800116c                itoa
 .text.__utoa   0x08001170       0x7c d:/embedded_system/es-iti/sdk/imt_sdk_win_64/imt_sdk_win_64/winarm/armgcc/bin/../lib/gcc/arm-none-eabi/7.2.1/../../../../arm-none-eabi/lib/thumb/v7-m\libg_nano.a(lib_a-utoa.o)
                0x08001170                __utoa
 .text._vsnprintf_r
                0x080011ec       0x58 d:/embedded_system/es-iti/sdk/imt_sdk_win_64/imt_sdk_win_64/winarm/armgcc/bin/../lib/gcc/arm-none-eabi/7.2.1/../../../../arm-none-eabi/lib/thumb/v7-m\libg_nano.a(lib_a-vsnprintf.o)
                0x080011ec                _vsniprintf_r
                0x080011ec                _vsnprintf_r
 .text.vsnprintf
                0x08001244       0x1c d:/embedded_system/es-iti/sdk/imt_sdk_win_64/imt_sdk_win_64/winarm/armgcc/bin/../lib/gcc/arm-none-eabi/7.2.1/../../../../arm-none-eabi/lib/thumb/v7-m\libg_nano.a(lib_a-vsnprintf.o)
                0x08001244                vsniprintf
                0x08001244                vsnprintf
 .text.__ssputs_r
                0x08001260       0xb4 d:/embedded_system/es-iti/sdk/imt_sdk_win_64/imt_sdk_win_64/winarm/armgcc/bin/../lib/gcc/arm-none-eabi/7.2.1/../../../../arm-none-eabi/lib/thumb/v7-m\libg_nano.a(lib_a-nano-svfprintf.o)
                0x08001260                __ssputs_r
 .text._svfprintf_r
                0x08001314      0x1ec d:/embedded_system/es-iti/sdk/imt_sdk_win_64/imt_sdk_win_64/winarm/armgcc/bin/../lib/gcc/arm-none-eabi/7.2.1/../../../../arm-none-eabi/lib/thumb/v7-m\libg_nano.a(lib_a-nano-svfprintf.o)
                0x08001314                _svfiprintf_r
                0x08001314                _svfprintf_r
 .text._printf_common
                0x08001500       0xec d:/embedded_system/es-iti/sdk/imt_sdk_win_64/imt_sdk_win_64/winarm/armgcc/bin/../lib/gcc/arm-none-eabi/7.2.1/../../../../arm-none-eabi/lib/thumb/v7-m\libg_nano.a(lib_a-nano-vfprintf_i.o)
                0x08001500                _printf_common
 .text._printf_i
                0x080015ec      0x224 d:/embedded_system/es-iti/sdk/imt_sdk_win_64/imt_sdk_win_64/winarm/armgcc/bin/../lib/gcc/arm-none-eabi/7.2.1/../../../../arm-none-eabi/lib/thumb/v7-m\libg_nano.a(lib_a-nano-vfprintf_i.o)
                0x080015ec                _printf_i
 .text.memchr   0x08001810       0x1c d:/embedded_system/es-iti/sdk/imt_sdk_win_64/imt_sdk_win_64/winarm/armgcc/bin/../lib/gcc/arm-none-eabi/7.2.1/../../../../arm-none-eabi/lib/thumb/v7-m\libg_nano.a(lib_a-memchr-stub.o)
                0x08001810                memchr
 .text.memcpy   0x0800182c       0x16 d:/embedded_system/es-iti/sdk/imt_sdk_win_64/imt_sdk_win_64/winarm/armgcc/bin/../lib/gcc/arm-none-eabi/7.2.1/../../../../arm-none-eabi/lib/thumb/v7-m\libg_nano.a(lib_a-memcpy-stub.o)
                0x0800182c                memcpy
 .text.memmove  0x08001842       0x32 d:/embedded_system/es-iti/sdk/imt_sdk_win_64/imt_sdk_win_64/winarm/armgcc/bin/../lib/gcc/arm-none-eabi/7.2.1/../../../../arm-none-eabi/lib/thumb/v7-m\libg_nano.a(lib_a-memmove.o)
                0x08001842                memmove
 .text._free_r  0x08001874       0x98 d:/embedded_system/es-iti/sdk/imt_sdk_win_64/imt_sdk_win_64/winarm/armgcc/bin/../lib/gcc/arm-none-eabi/7.2.1/../../../../arm-none-eabi/lib/thumb/v7-m\libg_nano.a(lib_a-nano-freer.o)
                0x08001874                _free_r
 .text._malloc_r
                0x0800190c       0xb4 d:/embedded_system/es-iti/sdk/imt_sdk_win_64/imt_sdk_win_64/winarm/armgcc/bin/../lib/gcc/arm-none-eabi/7.2.1/../../../../arm-none-eabi/lib/thumb/v7-m\libg_nano.a(lib_a-nano-mallocr.o)
                0x0800190c                _malloc_r
 .text._realloc_r
                0x080019c0       0x4c d:/embedded_system/es-iti/sdk/imt_sdk_win_64/imt_sdk_win_64/winarm/armgcc/bin/../lib/gcc/arm-none-eabi/7.2.1/../../../../arm-none-eabi/lib/thumb/v7-m\libg_nano.a(lib_a-nano-reallocr.o)
                0x080019c0                _realloc_r
 .text._sbrk_r  0x08001a0c       0x20 d:/embedded_system/es-iti/sdk/imt_sdk_win_64/imt_sdk_win_64/winarm/armgcc/bin/../lib/gcc/arm-none-eabi/7.2.1/../../../../arm-none-eabi/lib/thumb/v7-m\libg_nano.a(lib_a-sbrkr.o)
                0x08001a0c                _sbrk_r
 .text.__malloc_lock
                0x08001a2c        0x2 d:/embedded_system/es-iti/sdk/imt_sdk_win_64/imt_sdk_win_64/winarm/armgcc/bin/../lib/gcc/arm-none-eabi/7.2.1/../../../../arm-none-eabi/lib/thumb/v7-m\libg_nano.a(lib_a-mlock.o)
                0x08001a2c                __malloc_lock
 .text.__malloc_unlock
                0x08001a2e        0x2 d:/embedded_system/es-iti/sdk/imt_sdk_win_64/imt_sdk_win_64/winarm/armgcc/bin/../lib/gcc/arm-none-eabi/7.2.1/../../../../arm-none-eabi/lib/thumb/v7-m\libg_nano.a(lib_a-mlock.o)
                0x08001a2e                __malloc_unlock
 .text._malloc_usable_size_r
                0x08001a30       0x10 d:/embedded_system/es-iti/sdk/imt_sdk_win_64/imt_sdk_win_64/winarm/armgcc/bin/../lib/gcc/arm-none-eabi/7.2.1/../../../../arm-none-eabi/lib/thumb/v7-m\libg_nano.a(lib_a-nano-msizer.o)
                0x08001a30                _malloc_usable_size_r
 *(.rodata .rodata.* .constdata .constdata.*)
 .rodata.dumpExceptionStack.str1.4
                0x08001a40      0x11a ./system/src/cortexm/exception_handlers.o
 *fill*         0x08001b5a        0x2 
 .rodata.str1.4
                0x08001b5c       0x2c ./system/src/cortexm/exception_handlers.o
                                 0x2a (size before relaxing)
 .rodata.APP_Task
                0x08001b88        0xc ./03-APP/APP/APP.o
                0x08001b88                APP_Task
 .rodata.CLCD_DATA_PINS
                0x08001b94       0x20 ./02-HAL/02-HCLCD/HCLCD_program.o
 .rodata.CLCD_DATA_PORTS
                0x08001bb4       0x20 ./02-HAL/02-HCLCD/HCLCD_program.o
 .rodata.Lcd_Task
                0x08001bd4        0xc ./02-HAL/02-HCLCD/HCLCD_program.o
                0x08001bd4                Lcd_Task
 .rodata.switchMap
                0x08001be0       0x10 ./02-HAL/01-SWITCH/SWITCH_config.o
                0x08001be0                switchMap
 .rodata.Switch_Task
                0x08001bf0        0xc ./02-HAL/01-SWITCH/SWITCH_program.o
                0x08001bf0                Switch_Task
 .rodata.__utoa.str1.1
                0x08001bfc       0x25 d:/embedded_system/es-iti/sdk/imt_sdk_win_64/imt_sdk_win_64/winarm/armgcc/bin/../lib/gcc/arm-none-eabi/7.2.1/../../../../arm-none-eabi/lib/thumb/v7-m\libg_nano.a(lib_a-utoa.o)
 .rodata._svfprintf_r.str1.1
                0x08001c21       0x11 d:/embedded_system/es-iti/sdk/imt_sdk_win_64/imt_sdk_win_64/winarm/armgcc/bin/../lib/gcc/arm-none-eabi/7.2.1/../../../../arm-none-eabi/lib/thumb/v7-m\libg_nano.a(lib_a-nano-svfprintf.o)
 .rodata._printf_i.str1.1
                0x08001c32       0x22 d:/embedded_system/es-iti/sdk/imt_sdk_win_64/imt_sdk_win_64/winarm/armgcc/bin/../lib/gcc/arm-none-eabi/7.2.1/../../../../arm-none-eabi/lib/thumb/v7-m\libg_nano.a(lib_a-nano-vfprintf_i.o)
 *(vtable)
 *(.eh_frame*)
 *(.glue_7)
 .glue_7        0x08001c54        0x0 linker stubs
 *(.glue_7t)
 .glue_7t       0x08001c54        0x0 linker stubs

.vfp11_veneer   0x08001c54        0x0
 .vfp11_veneer  0x08001c54        0x0 linker stubs

.v4_bx          0x08001c54        0x0
 .v4_bx         0x08001c54        0x0 linker stubs

.iplt           0x08001c54        0x0
 .iplt          0x08001c54        0x0 ./system/src/newlib/_exit.o

.rel.dyn        0x08001c54        0x0
 .rel.iplt      0x08001c54        0x0 ./system/src/newlib/_exit.o

.ARM.extab
 *(.ARM.extab* .gnu.linkonce.armextab.*)
                0x08001c54                . = ALIGN (0x4)
                0x08001c54                __exidx_start = .

.ARM.exidx
 *(.ARM.exidx* .gnu.linkonce.armexidx.*)
                0x08001c54                __exidx_end = .
                0x08001c54                . = ALIGN (0x4)
                0x08001c54                _etext = .
                0x08001c54                __etext = .

.data_CCMRAM    0x00000000        0x0 load address 0x08001c54
 FILL mask 0xff
 *(.data.CCMRAM .data.CCMRAM.*)
                0x00000000                . = ALIGN (0x4)
                0x08001c54                _sidata = LOADADDR (.data)

.data           0x20000000      0x178 load address 0x08001c54
 FILL mask 0xff
                0x20000000                _sdata = .
                0x20000000                __data_start__ = .
 *(.data_begin .data_begin.*)
 .data_begin    0x20000000        0x4 ./system/src/newlib/_startup.o
 *(.data .data.*)
 .data.argv.4310
                0x20000004        0x8 ./system/src/newlib/_syscalls.o
 .data.AHBPrescTable
                0x2000000c       0x10 ./system/src/cmsis/system_stm32f10x.o
                0x2000000c                AHBPrescTable
 .data.SystemCoreClock
                0x2000001c        0x4 ./system/src/cmsis/system_stm32f10x.o
                0x2000001c                SystemCoreClock
 .data.SysTasksInfo
                0x20000020       0x18 ./05-OS/SCHEDULER_config.o
 .data.CLCD_PINS
                0x20000038       0xb0 ./02-HAL/02-HCLCD/HCLCD_program.o
                0x20000038                CLCD_PINS
 .data.currentInitState.3747
                0x200000e8        0x1 ./02-HAL/02-HCLCD/HCLCD_program.o
 *fill*         0x200000e9        0x3 ff
 .data.HUART_GPIO_CONFIG
                0x200000ec       0x20 ./01-MCAL/05-UART/UART_config.o
                0x200000ec                HUART_GPIO_CONFIG
 .data.NVIC     0x2000010c        0x4 ./01-MCAL/03-NVIC/NVIC_program.o
                0x2000010c                NVIC
 .data._impure_ptr
                0x20000110        0x4 d:/embedded_system/es-iti/sdk/imt_sdk_win_64/imt_sdk_win_64/winarm/armgcc/bin/../lib/gcc/arm-none-eabi/7.2.1/../../../../arm-none-eabi/lib/thumb/v7-m\libg_nano.a(lib_a-impure.o)
                0x20000110                _impure_ptr
 .data.impure_data
                0x20000114       0x60 d:/embedded_system/es-iti/sdk/imt_sdk_win_64/imt_sdk_win_64/winarm/armgcc/bin/../lib/gcc/arm-none-eabi/7.2.1/../../../../arm-none-eabi/lib/thumb/v7-m\libg_nano.a(lib_a-impure.o)
 *(.data_end .data_end.*)
 .data_end      0x20000174        0x4 ./system/src/newlib/_startup.o
                0x20000178                . = ALIGN (0x4)
                0x20000178                _edata = .
                0x20000178                __data_end__ = .

.igot.plt       0x20000178        0x0 load address 0x08001dcc
 .igot.plt      0x20000178        0x0 ./system/src/newlib/_exit.o

.bss_CCMRAM     0x00000000        0x0
 *(.bss.CCMRAM .bss.CCMRAM.*)

.bss            0x20000178      0x234
                0x20000178                __bss_start__ = .
                0x20000178                _sbss = .
 *(.bss_begin .bss_begin.*)
 .bss_begin     0x20000178        0x4 ./system/src/newlib/_startup.o
 *(.bss .bss.*)
 .bss.current_heap_end.3961
                0x2000017c        0x4 ./system/src/newlib/_sbrk.o
 .bss.name.4309
                0x20000180        0x1 ./system/src/newlib/_syscalls.o
 *fill*         0x20000181        0x3 
 .bss.buf.5205  0x20000184       0x80 ./system/src/diag/Trace.o
 .bss.OS_Flag   0x20000204        0x1 ./05-OS/SCHEDULER_program.o
 *fill*         0x20000205        0x3 
 .bss.SysTasks  0x20000208       0x30 ./05-OS/SCHEDULER_program.o
 .bss.currentSwitchState.5546
                0x20000238        0x1 ./03-APP/APP/APP.o
 .bss.prevSwitchState.5545
                0x20000239        0x1 ./03-APP/APP/APP.o
 *fill*         0x2000023a        0x2 
 .bss.switch_counter.5543
                0x2000023c        0x4 ./03-APP/APP/APP.o
 .bss.ticks_counter.5544
                0x20000240        0x4 ./03-APP/APP/APP.o
 .bss.CLCD_E_value.3753
                0x20000244        0x1 ./02-HAL/02-HCLCD/HCLCD_program.o
 .bss.CLCD_E_value.3773
                0x20000245        0x1 ./02-HAL/02-HCLCD/HCLCD_program.o
 .bss.CLCD_E_value.3780
                0x20000246        0x1 ./02-HAL/02-HCLCD/HCLCD_program.o
 .bss.CLCD_E_value.3793
                0x20000247        0x1 ./02-HAL/02-HCLCD/HCLCD_program.o
 .bss.CURRENT_PROCESS
                0x20000248        0x1 ./02-HAL/02-HCLCD/HCLCD_program.o
 .bss.INIT_COMPLETED_FLAG
                0x20000249        0x1 ./02-HAL/02-HCLCD/HCLCD_program.o
 .bss.REQUESTED_COLUMN
                0x2000024a        0x1 ./02-HAL/02-HCLCD/HCLCD_program.o
 .bss.REQUESTED_ROW
                0x2000024b        0x1 ./02-HAL/02-HCLCD/HCLCD_program.o
 .bss.counter.3748
                0x2000024c        0x1 ./02-HAL/02-HCLCD/HCLCD_program.o
 .bss.currentChar.3770
                0x2000024d        0x1 ./02-HAL/02-HCLCD/HCLCD_program.o
 .bss.lenght    0x2000024e        0x1 ./02-HAL/02-HCLCD/HCLCD_program.o
 *fill*         0x2000024f        0x1 
 .bss.word      0x20000250       0xff ./02-HAL/02-HCLCD/HCLCD_program.o
 *fill*         0x2000034f        0x1 
 .bss.counter.3719
                0x20000350        0x1 ./02-HAL/01-SWITCH/SWITCH_program.o
 .bss.currState.3718
                0x20000351        0x1 ./02-HAL/01-SWITCH/SWITCH_program.o
 *fill*         0x20000352        0x2 
 .bss.prevState.3717
                0x20000354        0x1 ./02-HAL/01-SWITCH/SWITCH_program.o
 *fill*         0x20000355        0x3 
 .bss.UARTX_REG
                0x20000358        0x4 ./01-MCAL/05-UART/UART_program.o
 .bss.UART_RxBuffer
                0x2000035c        0xc ./01-MCAL/05-UART/UART_program.o
 .bss.UART_TxBuffer
                0x20000368        0xc ./01-MCAL/05-UART/UART_program.o
 .bss.appRxNotify
                0x20000374        0x4 ./01-MCAL/05-UART/UART_program.o
 .bss.appTxNotify
                0x20000378        0x4 ./01-MCAL/05-UART/UART_program.o
 .bss.SYSTICK_CallBack
                0x2000037c        0x4 ./01-MCAL/04-SYSTIC/SYSTICK_program.o
 .bss.__malloc_free_list
                0x20000380        0x4 d:/embedded_system/es-iti/sdk/imt_sdk_win_64/imt_sdk_win_64/winarm/armgcc/bin/../lib/gcc/arm-none-eabi/7.2.1/../../../../arm-none-eabi/lib/thumb/v7-m\libg_nano.a(lib_a-nano-mallocr.o)
                0x20000380                __malloc_free_list
 .bss.__malloc_sbrk_start
                0x20000384        0x4 d:/embedded_system/es-iti/sdk/imt_sdk_win_64/imt_sdk_win_64/winarm/armgcc/bin/../lib/gcc/arm-none-eabi/7.2.1/../../../../arm-none-eabi/lib/thumb/v7-m\libg_nano.a(lib_a-nano-mallocr.o)
                0x20000384                __malloc_sbrk_start
 *(COMMON)
 COMMON         0x20000388        0x4 ./system/src/newlib/_syscalls.o
                0x20000388                errno
 COMMON         0x2000038c        0x8 ./03-APP/APP/APP.o
                0x2000038c                TX_frame
                0x20000390                RX_frame
 COMMON         0x20000394        0xc ./02-HAL/02-HCLCD/HCLCD_program.o
                0x20000394                WRITE_DONE_NOTIFICATION
                0x20000398                CLEAR_DONE_NOTIFICATION
                0x2000039c                MOVE_CURSOR_DONE_NOTIFICATION
 COMMON         0x200003a0        0x8 ./02-HAL/01-SWITCH/SWITCH_program.o
                0x200003a0                switchState
                0x200003a4                switchMapElement
 *(.bss_end .bss_end.*)
 .bss_end       0x200003a8        0x4 ./system/src/newlib/_startup.o
                0x200003ac                . = ALIGN (0x4)
                0x200003ac                __bss_end__ = .
                0x200003ac                _ebss = .

.noinit_CCMRAM
 *(.noinit.CCMRAM .noinit.CCMRAM.*)

.noinit         0x200003ac        0x0
                0x200003ac                _noinit = .
 *(.noinit .noinit.*)
                0x200003ac                . = ALIGN (0x4)
                0x200003ac                _end_noinit = .
                [!provide]                PROVIDE (end, _end_noinit)
                [!provide]                PROVIDE (_end, _end_noinit)
                [!provide]                PROVIDE (__end, _end_noinit)
                [!provide]                PROVIDE (__end__, _end_noinit)

._check_stack   0x200003ac      0x100
                0x200004ac                . = (. + _Minimum_Stack_Size)
 *fill*         0x200003ac      0x100 

.b1text
 *(.b1text)
 *(.b1rodata)
 *(.b1rodata.*)

.eb0text
 *(.eb0text)
 *(.eb0rodata)
 *(.eb0rodata.*)

.eb1text
 *(.eb1text)
 *(.eb1rodata)
 *(.eb1rodata.*)

.eb2text
 *(.eb2text)
 *(.eb2rodata)
 *(.eb2rodata.*)

.eb3text
 *(.eb3text)
 *(.eb3rodata)
 *(.eb3rodata.*)

.stab
 *(.stab)

.stabstr
 *(.stabstr)

.stab.excl
 *(.stab.excl)

.stab.exclstr
 *(.stab.exclstr)

.stab.index
 *(.stab.index)

.stab.indexstr
 *(.stab.indexstr)

.comment        0x00000000       0x7e
 *(.comment)
 .comment       0x00000000       0x7e ./system/src/newlib/_exit.o
                                 0x7f (size before relaxing)
 .comment       0x0000007e       0x7f ./system/src/newlib/_sbrk.o
 .comment       0x0000007e       0x7f ./system/src/newlib/_startup.o
 .comment       0x0000007e       0x7f ./system/src/newlib/_syscalls.o
 .comment       0x0000007e       0x7f ./system/src/diag/Trace.o
 .comment       0x0000007e       0x7f ./system/src/diag/trace_impl.o
 .comment       0x0000007e       0x7f ./system/src/cortexm/_initialize_hardware.o
 .comment       0x0000007e       0x7f ./system/src/cortexm/exception_handlers.o
 .comment       0x0000007e       0x7f ./system/src/cmsis/system_stm32f10x.o
 .comment       0x0000007e       0x7f ./system/src/cmsis/vectors_stm32f10x.o
 .comment       0x0000007e       0x7f ./05-OS/SCHEDULER_config.o
 .comment       0x0000007e       0x7f ./05-OS/SCHEDULER_program.o
 .comment       0x0000007e       0x7f ./03-APP/APP/APP.o
 .comment       0x0000007e       0x7f ./03-APP/main.o
 .comment       0x0000007e       0x7f ./02-HAL/02-HCLCD/HCLCD_program.o
 .comment       0x0000007e       0x7f ./02-HAL/01-SWITCH/SWITCH_config.o
 .comment       0x0000007e       0x7f ./02-HAL/01-SWITCH/SWITCH_program.o
 .comment       0x0000007e       0x7f ./01-MCAL/05-UART/HUART.o
 .comment       0x0000007e       0x7f ./01-MCAL/05-UART/UART_config.o
 .comment       0x0000007e       0x7f ./01-MCAL/05-UART/UART_program.o
 .comment       0x0000007e       0x7f ./01-MCAL/04-SYSTIC/SYSTICK_program.o
 .comment       0x0000007e       0x7f ./01-MCAL/03-NVIC/NVIC_program.o
 .comment       0x0000007e       0x7f ./01-MCAL/02-GPIO/GPIO_program.o
 .comment       0x0000007e       0x7f ./01-MCAL/01-RCC/RCC_program.o

.ARM.attributes
                0x00000000       0x31
 .ARM.attributes
                0x00000000       0x33 ./system/src/newlib/_exit.o
 .ARM.attributes
                0x00000033       0x33 ./system/src/newlib/_sbrk.o
 .ARM.attributes
                0x00000066       0x33 ./system/src/newlib/_startup.o
 .ARM.attributes
                0x00000099       0x33 ./system/src/newlib/_syscalls.o
 .ARM.attributes
                0x000000cc       0x33 ./system/src/diag/Trace.o
 .ARM.attributes
                0x000000ff       0x33 ./system/src/diag/trace_impl.o
 .ARM.attributes
                0x00000132       0x33 ./system/src/cortexm/_initialize_hardware.o
 .ARM.attributes
                0x00000165       0x33 ./system/src/cortexm/exception_handlers.o
 .ARM.attributes
                0x00000198       0x33 ./system/src/cmsis/system_stm32f10x.o
 .ARM.attributes
                0x000001cb       0x33 ./system/src/cmsis/vectors_stm32f10x.o
 .ARM.attributes
                0x000001fe       0x33 ./05-OS/SCHEDULER_config.o
 .ARM.attributes
                0x00000231       0x33 ./05-OS/SCHEDULER_program.o
 .ARM.attributes
                0x00000264       0x33 ./03-APP/APP/APP.o
 .ARM.attributes
                0x00000297       0x33 ./03-APP/main.o
 .ARM.attributes
                0x000002ca       0x33 ./02-HAL/02-HCLCD/HCLCD_program.o
 .ARM.attributes
                0x000002fd       0x33 ./02-HAL/01-SWITCH/SWITCH_config.o
 .ARM.attributes
                0x00000330       0x33 ./02-HAL/01-SWITCH/SWITCH_program.o
 .ARM.attributes
                0x00000363       0x33 ./01-MCAL/05-UART/HUART.o
 .ARM.attributes
                0x00000396       0x33 ./01-MCAL/05-UART/UART_config.o
 .ARM.attributes
                0x000003c9       0x33 ./01-MCAL/05-UART/UART_program.o
 .ARM.attributes
                0x000003fc       0x33 ./01-MCAL/04-SYSTIC/SYSTICK_program.o
 .ARM.attributes
                0x0000042f       0x33 ./01-MCAL/03-NVIC/NVIC_program.o
 .ARM.attributes
                0x00000462       0x33 ./01-MCAL/02-GPIO/GPIO_program.o
 .ARM.attributes
                0x00000495       0x33 ./01-MCAL/01-RCC/RCC_program.o
 .ARM.attributes
                0x000004c8       0x2d d:/embedded_system/es-iti/sdk/imt_sdk_win_64/imt_sdk_win_64/winarm/armgcc/bin/../lib/gcc/arm-none-eabi/7.2.1/../../../../arm-none-eabi/lib/thumb/v7-m\libg_nano.a(lib_a-errno.o)
 .ARM.attributes
                0x000004f5       0x2d d:/embedded_system/es-iti/sdk/imt_sdk_win_64/imt_sdk_win_64/winarm/armgcc/bin/../lib/gcc/arm-none-eabi/7.2.1/../../../../arm-none-eabi/lib/thumb/v7-m\libg_nano.a(lib_a-impure.o)
 .ARM.attributes
                0x00000522       0x2d d:/embedded_system/es-iti/sdk/imt_sdk_win_64/imt_sdk_win_64/winarm/armgcc/bin/../lib/gcc/arm-none-eabi/7.2.1/../../../../arm-none-eabi/lib/thumb/v7-m\libg_nano.a(lib_a-itoa.o)
 .ARM.attributes
                0x0000054f       0x2d d:/embedded_system/es-iti/sdk/imt_sdk_win_64/imt_sdk_win_64/winarm/armgcc/bin/../lib/gcc/arm-none-eabi/7.2.1/../../../../arm-none-eabi/lib/thumb/v7-m\libg_nano.a(lib_a-utoa.o)
 .ARM.attributes
                0x0000057c       0x2d d:/embedded_system/es-iti/sdk/imt_sdk_win_64/imt_sdk_win_64/winarm/armgcc/bin/../lib/gcc/arm-none-eabi/7.2.1/../../../../arm-none-eabi/lib/thumb/v7-m\libg_nano.a(lib_a-vsnprintf.o)
 .ARM.attributes
                0x000005a9       0x2d d:/embedded_system/es-iti/sdk/imt_sdk_win_64/imt_sdk_win_64/winarm/armgcc/bin/../lib/gcc/arm-none-eabi/7.2.1/../../../../arm-none-eabi/lib/thumb/v7-m\libg_nano.a(lib_a-nano-svfprintf.o)
 .ARM.attributes
                0x000005d6       0x2d d:/embedded_system/es-iti/sdk/imt_sdk_win_64/imt_sdk_win_64/winarm/armgcc/bin/../lib/gcc/arm-none-eabi/7.2.1/../../../../arm-none-eabi/lib/thumb/v7-m\libg_nano.a(lib_a-nano-vfprintf_i.o)
 .ARM.attributes
                0x00000603       0x2d d:/embedded_system/es-iti/sdk/imt_sdk_win_64/imt_sdk_win_64/winarm/armgcc/bin/../lib/gcc/arm-none-eabi/7.2.1/../../../../arm-none-eabi/lib/thumb/v7-m\libg_nano.a(lib_a-memchr-stub.o)
 .ARM.attributes
                0x00000630       0x2d d:/embedded_system/es-iti/sdk/imt_sdk_win_64/imt_sdk_win_64/winarm/armgcc/bin/../lib/gcc/arm-none-eabi/7.2.1/../../../../arm-none-eabi/lib/thumb/v7-m\libg_nano.a(lib_a-memcpy-stub.o)
 .ARM.attributes
                0x0000065d       0x2d d:/embedded_system/es-iti/sdk/imt_sdk_win_64/imt_sdk_win_64/winarm/armgcc/bin/../lib/gcc/arm-none-eabi/7.2.1/../../../../arm-none-eabi/lib/thumb/v7-m\libg_nano.a(lib_a-memmove.o)
 .ARM.attributes
                0x0000068a       0x2d d:/embedded_system/es-iti/sdk/imt_sdk_win_64/imt_sdk_win_64/winarm/armgcc/bin/../lib/gcc/arm-none-eabi/7.2.1/../../../../arm-none-eabi/lib/thumb/v7-m\libg_nano.a(lib_a-nano-freer.o)
 .ARM.attributes
                0x000006b7       0x2d d:/embedded_system/es-iti/sdk/imt_sdk_win_64/imt_sdk_win_64/winarm/armgcc/bin/../lib/gcc/arm-none-eabi/7.2.1/../../../../arm-none-eabi/lib/thumb/v7-m\libg_nano.a(lib_a-nano-mallocr.o)
 .ARM.attributes
                0x000006e4       0x2d d:/embedded_system/es-iti/sdk/imt_sdk_win_64/imt_sdk_win_64/winarm/armgcc/bin/../lib/gcc/arm-none-eabi/7.2.1/../../../../arm-none-eabi/lib/thumb/v7-m\libg_nano.a(lib_a-nano-reallocr.o)
 .ARM.attributes
                0x00000711       0x2d d:/embedded_system/es-iti/sdk/imt_sdk_win_64/imt_sdk_win_64/winarm/armgcc/bin/../lib/gcc/arm-none-eabi/7.2.1/../../../../arm-none-eabi/lib/thumb/v7-m\libg_nano.a(lib_a-sbrkr.o)
 .ARM.attributes
                0x0000073e       0x2d d:/embedded_system/es-iti/sdk/imt_sdk_win_64/imt_sdk_win_64/winarm/armgcc/bin/../lib/gcc/arm-none-eabi/7.2.1/../../../../arm-none-eabi/lib/thumb/v7-m\libg_nano.a(lib_a-mlock.o)
 .ARM.attributes
                0x0000076b       0x2d d:/embedded_system/es-iti/sdk/imt_sdk_win_64/imt_sdk_win_64/winarm/armgcc/bin/../lib/gcc/arm-none-eabi/7.2.1/../../../../arm-none-eabi/lib/thumb/v7-m\libg_nano.a(lib_a-nano-msizer.o)

.debug
 *(.debug)

.line
 *(.line)

.debug_srcinfo
 *(.debug_srcinfo)

.debug_sfnames
 *(.debug_sfnames)

.debug_aranges  0x00000000      0x548
 *(.debug_aranges)
 .debug_aranges
                0x00000000       0x28 ./system/src/newlib/_exit.o
 .debug_aranges
                0x00000028       0x20 ./system/src/newlib/_sbrk.o
 .debug_aranges
                0x00000048       0x40 ./system/src/newlib/_startup.o
 .debug_aranges
                0x00000088       0x30 ./system/src/newlib/_syscalls.o
 .debug_aranges
                0x000000b8       0x38 ./system/src/diag/Trace.o
 .debug_aranges
                0x000000f0       0x30 ./system/src/diag/trace_impl.o
 .debug_aranges
                0x00000120       0x28 ./system/src/cortexm/_initialize_hardware.o
 .debug_aranges
                0x00000148       0x90 ./system/src/cortexm/exception_handlers.o
 .debug_aranges
                0x000001d8       0x38 ./system/src/cmsis/system_stm32f10x.o
 .debug_aranges
                0x00000210       0x20 ./system/src/cmsis/vectors_stm32f10x.o
 .debug_aranges
                0x00000230       0x20 ./05-OS/SCHEDULER_config.o
 .debug_aranges
                0x00000250       0x38 ./05-OS/SCHEDULER_program.o
 .debug_aranges
                0x00000288       0x28 ./03-APP/APP/APP.o
 .debug_aranges
                0x000002b0       0x20 ./03-APP/main.o
 .debug_aranges
                0x000002d0       0x78 ./02-HAL/02-HCLCD/HCLCD_program.o
 .debug_aranges
                0x00000348       0x20 ./02-HAL/01-SWITCH/SWITCH_config.o
 .debug_aranges
                0x00000368       0x38 ./02-HAL/01-SWITCH/SWITCH_program.o
 .debug_aranges
                0x000003a0       0x20 ./01-MCAL/05-UART/HUART.o
 .debug_aranges
                0x000003c0       0x18 ./01-MCAL/05-UART/UART_config.o
 .debug_aranges
                0x000003d8       0x50 ./01-MCAL/05-UART/UART_program.o
 .debug_aranges
                0x00000428       0x48 ./01-MCAL/04-SYSTIC/SYSTICK_program.o
 .debug_aranges
                0x00000470       0x58 ./01-MCAL/03-NVIC/NVIC_program.o
 .debug_aranges
                0x000004c8       0x40 ./01-MCAL/02-GPIO/GPIO_program.o
 .debug_aranges
                0x00000508       0x40 ./01-MCAL/01-RCC/RCC_program.o

.debug_pubnames
 *(.debug_pubnames)

.debug_info     0x00000000     0x7a2b
 *(.debug_info .gnu.linkonce.wi.*)
 .debug_info    0x00000000      0x956 ./system/src/newlib/_exit.o
 .debug_info    0x00000956      0x942 ./system/src/newlib/_sbrk.o
 .debug_info    0x00001298      0x42e ./system/src/newlib/_startup.o
 .debug_info    0x000016c6      0xa19 ./system/src/newlib/_syscalls.o
 .debug_info    0x000020df      0xb2a ./system/src/diag/Trace.o
 .debug_info    0x00002c09      0x363 ./system/src/diag/trace_impl.o
 .debug_info    0x00002f6c      0x2b5 ./system/src/cortexm/_initialize_hardware.o
 .debug_info    0x00003221     0x1140 ./system/src/cortexm/exception_handlers.o
 .debug_info    0x00004361      0x494 ./system/src/cmsis/system_stm32f10x.o
 .debug_info    0x000047f5       0xca ./system/src/cmsis/vectors_stm32f10x.o
 .debug_info    0x000048bf      0x168 ./05-OS/SCHEDULER_config.o
 .debug_info    0x00004a27      0x288 ./05-OS/SCHEDULER_program.o
 .debug_info    0x00004caf      0xb95 ./03-APP/APP/APP.o
 .debug_info    0x00005844       0xf7 ./03-APP/main.o
 .debug_info    0x0000593b      0xadb ./02-HAL/02-HCLCD/HCLCD_program.o
 .debug_info    0x00006416      0x13b ./02-HAL/01-SWITCH/SWITCH_config.o
 .debug_info    0x00006551      0x38d ./02-HAL/01-SWITCH/SWITCH_program.o
 .debug_info    0x000068de      0x121 ./01-MCAL/05-UART/HUART.o
 .debug_info    0x000069ff       0xda ./01-MCAL/05-UART/UART_config.o
 .debug_info    0x00006ad9      0x42f ./01-MCAL/05-UART/UART_program.o
 .debug_info    0x00006f08      0x1a8 ./01-MCAL/04-SYSTIC/SYSTICK_program.o
 .debug_info    0x000070b0      0x365 ./01-MCAL/03-NVIC/NVIC_program.o
 .debug_info    0x00007415      0x37f ./01-MCAL/02-GPIO/GPIO_program.o
 .debug_info    0x00007794      0x297 ./01-MCAL/01-RCC/RCC_program.o

.debug_abbrev   0x00000000     0x22b1
 *(.debug_abbrev)
 .debug_abbrev  0x00000000      0x1f3 ./system/src/newlib/_exit.o
 .debug_abbrev  0x000001f3      0x1fc ./system/src/newlib/_sbrk.o
 .debug_abbrev  0x000003ef      0x1b3 ./system/src/newlib/_startup.o
 .debug_abbrev  0x000005a2      0x234 ./system/src/newlib/_syscalls.o
 .debug_abbrev  0x000007d6      0x276 ./system/src/diag/Trace.o
 .debug_abbrev  0x00000a4c      0x1e2 ./system/src/diag/trace_impl.o
 .debug_abbrev  0x00000c2e       0xea ./system/src/cortexm/_initialize_hardware.o
 .debug_abbrev  0x00000d18      0x32b ./system/src/cortexm/exception_handlers.o
 .debug_abbrev  0x00001043      0x177 ./system/src/cmsis/system_stm32f10x.o
 .debug_abbrev  0x000011ba       0x9d ./system/src/cmsis/vectors_stm32f10x.o
 .debug_abbrev  0x00001257       0xbb ./05-OS/SCHEDULER_config.o
 .debug_abbrev  0x00001312      0x127 ./05-OS/SCHEDULER_program.o
 .debug_abbrev  0x00001439      0x219 ./03-APP/APP/APP.o
 .debug_abbrev  0x00001652       0x7d ./03-APP/main.o
 .debug_abbrev  0x000016cf      0x1d7 ./02-HAL/02-HCLCD/HCLCD_program.o
 .debug_abbrev  0x000018a6       0xcc ./02-HAL/01-SWITCH/SWITCH_config.o
 .debug_abbrev  0x00001972      0x193 ./02-HAL/01-SWITCH/SWITCH_program.o
 .debug_abbrev  0x00001b05       0xe0 ./01-MCAL/05-UART/HUART.o
 .debug_abbrev  0x00001be5       0x8d ./01-MCAL/05-UART/UART_config.o
 .debug_abbrev  0x00001c72      0x1c9 ./01-MCAL/05-UART/UART_program.o
 .debug_abbrev  0x00001e3b      0x147 ./01-MCAL/04-SYSTIC/SYSTICK_program.o
 .debug_abbrev  0x00001f82      0x126 ./01-MCAL/03-NVIC/NVIC_program.o
 .debug_abbrev  0x000020a8      0x116 ./01-MCAL/02-GPIO/GPIO_program.o
 .debug_abbrev  0x000021be       0xf3 ./01-MCAL/01-RCC/RCC_program.o

.debug_line     0x00000000     0x4437
 *(.debug_line)
 .debug_line    0x00000000      0x39f ./system/src/newlib/_exit.o
 .debug_line    0x0000039f      0x353 ./system/src/newlib/_sbrk.o
 .debug_line    0x000006f2      0x40d ./system/src/newlib/_startup.o
 .debug_line    0x00000aff      0x47d ./system/src/newlib/_syscalls.o
 .debug_line    0x00000f7c      0x41b ./system/src/diag/Trace.o
 .debug_line    0x00001397      0x688 ./system/src/diag/trace_impl.o
 .debug_line    0x00001a1f      0x388 ./system/src/cortexm/_initialize_hardware.o
 .debug_line    0x00001da7      0x74a ./system/src/cortexm/exception_handlers.o
 .debug_line    0x000024f1      0x3fb ./system/src/cmsis/system_stm32f10x.o
 .debug_line    0x000028ec      0x114 ./system/src/cmsis/vectors_stm32f10x.o
 .debug_line    0x00002a00       0xa9 ./05-OS/SCHEDULER_config.o
 .debug_line    0x00002aa9      0x161 ./05-OS/SCHEDULER_program.o
 .debug_line    0x00002c0a      0x5c7 ./03-APP/APP/APP.o
 .debug_line    0x000031d1       0xc9 ./03-APP/main.o
 .debug_line    0x0000329a      0x309 ./02-HAL/02-HCLCD/HCLCD_program.o
 .debug_line    0x000035a3      0x127 ./02-HAL/01-SWITCH/SWITCH_config.o
 .debug_line    0x000036ca      0x1bd ./02-HAL/01-SWITCH/SWITCH_program.o
 .debug_line    0x00003887       0xd4 ./01-MCAL/05-UART/HUART.o
 .debug_line    0x0000395b       0xbd ./01-MCAL/05-UART/UART_config.o
 .debug_line    0x00003a18      0x4e4 ./01-MCAL/05-UART/UART_program.o
 .debug_line    0x00003efc      0x114 ./01-MCAL/04-SYSTIC/SYSTICK_program.o
 .debug_line    0x00004010      0x12b ./01-MCAL/03-NVIC/NVIC_program.o
 .debug_line    0x0000413b      0x15d ./01-MCAL/02-GPIO/GPIO_program.o
 .debug_line    0x00004298      0x19f ./01-MCAL/01-RCC/RCC_program.o

.debug_frame    0x00000000      0xd40
 *(.debug_frame)
 .debug_frame   0x00000000       0x38 ./system/src/newlib/_exit.o
 .debug_frame   0x00000038       0x28 ./system/src/newlib/_sbrk.o
 .debug_frame   0x00000060       0x7c ./system/src/newlib/_startup.o
 .debug_frame   0x000000dc       0x50 ./system/src/newlib/_syscalls.o
 .debug_frame   0x0000012c       0x94 ./system/src/diag/Trace.o
 .debug_frame   0x000001c0       0x64 ./system/src/diag/trace_impl.o
 .debug_frame   0x00000224       0x40 ./system/src/cortexm/_initialize_hardware.o
 .debug_frame   0x00000264      0x158 ./system/src/cortexm/exception_handlers.o
 .debug_frame   0x000003bc       0x6c ./system/src/cmsis/system_stm32f10x.o
 .debug_frame   0x00000428       0x20 ./system/src/cmsis/vectors_stm32f10x.o
 .debug_frame   0x00000448       0x20 ./05-OS/SCHEDULER_config.o
 .debug_frame   0x00000468       0x70 ./05-OS/SCHEDULER_program.o
 .debug_frame   0x000004d8       0x40 ./03-APP/APP/APP.o
 .debug_frame   0x00000518       0x28 ./03-APP/main.o
 .debug_frame   0x00000540      0x124 ./02-HAL/02-HCLCD/HCLCD_program.o
 .debug_frame   0x00000664       0x20 ./02-HAL/01-SWITCH/SWITCH_config.o
 .debug_frame   0x00000684       0x6c ./02-HAL/01-SWITCH/SWITCH_program.o
 .debug_frame   0x000006f0       0x28 ./01-MCAL/05-UART/HUART.o
 .debug_frame   0x00000718       0xa0 ./01-MCAL/05-UART/UART_program.o
 .debug_frame   0x000007b8       0x78 ./01-MCAL/04-SYSTIC/SYSTICK_program.o
 .debug_frame   0x00000830       0xc0 ./01-MCAL/03-NVIC/NVIC_program.o
 .debug_frame   0x000008f0       0x80 ./01-MCAL/02-GPIO/GPIO_program.o
 .debug_frame   0x00000970       0x60 ./01-MCAL/01-RCC/RCC_program.o
 .debug_frame   0x000009d0       0x20 d:/embedded_system/es-iti/sdk/imt_sdk_win_64/imt_sdk_win_64/winarm/armgcc/bin/../lib/gcc/arm-none-eabi/7.2.1/../../../../arm-none-eabi/lib/thumb/v7-m\libg_nano.a(lib_a-errno.o)
 .debug_frame   0x000009f0       0x38 d:/embedded_system/es-iti/sdk/imt_sdk_win_64/imt_sdk_win_64/winarm/armgcc/bin/../lib/gcc/arm-none-eabi/7.2.1/../../../../arm-none-eabi/lib/thumb/v7-m\libg_nano.a(lib_a-itoa.o)
 .debug_frame   0x00000a28       0x48 d:/embedded_system/es-iti/sdk/imt_sdk_win_64/imt_sdk_win_64/winarm/armgcc/bin/../lib/gcc/arm-none-eabi/7.2.1/../../../../arm-none-eabi/lib/thumb/v7-m\libg_nano.a(lib_a-utoa.o)
 .debug_frame   0x00000a70       0x4c d:/embedded_system/es-iti/sdk/imt_sdk_win_64/imt_sdk_win_64/winarm/armgcc/bin/../lib/gcc/arm-none-eabi/7.2.1/../../../../arm-none-eabi/lib/thumb/v7-m\libg_nano.a(lib_a-vsnprintf.o)
 .debug_frame   0x00000abc       0x90 d:/embedded_system/es-iti/sdk/imt_sdk_win_64/imt_sdk_win_64/winarm/armgcc/bin/../lib/gcc/arm-none-eabi/7.2.1/../../../../arm-none-eabi/lib/thumb/v7-m\libg_nano.a(lib_a-nano-svfprintf.o)
 .debug_frame   0x00000b4c       0x60 d:/embedded_system/es-iti/sdk/imt_sdk_win_64/imt_sdk_win_64/winarm/armgcc/bin/../lib/gcc/arm-none-eabi/7.2.1/../../../../arm-none-eabi/lib/thumb/v7-m\libg_nano.a(lib_a-nano-vfprintf_i.o)
 .debug_frame   0x00000bac       0x28 d:/embedded_system/es-iti/sdk/imt_sdk_win_64/imt_sdk_win_64/winarm/armgcc/bin/../lib/gcc/arm-none-eabi/7.2.1/../../../../arm-none-eabi/lib/thumb/v7-m\libg_nano.a(lib_a-memchr-stub.o)
 .debug_frame   0x00000bd4       0x28 d:/embedded_system/es-iti/sdk/imt_sdk_win_64/imt_sdk_win_64/winarm/armgcc/bin/../lib/gcc/arm-none-eabi/7.2.1/../../../../arm-none-eabi/lib/thumb/v7-m\libg_nano.a(lib_a-memcpy-stub.o)
 .debug_frame   0x00000bfc       0x28 d:/embedded_system/es-iti/sdk/imt_sdk_win_64/imt_sdk_win_64/winarm/armgcc/bin/../lib/gcc/arm-none-eabi/7.2.1/../../../../arm-none-eabi/lib/thumb/v7-m\libg_nano.a(lib_a-memmove.o)
 .debug_frame   0x00000c24       0x38 d:/embedded_system/es-iti/sdk/imt_sdk_win_64/imt_sdk_win_64/winarm/armgcc/bin/../lib/gcc/arm-none-eabi/7.2.1/../../../../arm-none-eabi/lib/thumb/v7-m\libg_nano.a(lib_a-nano-freer.o)
 .debug_frame   0x00000c5c       0x2c d:/embedded_system/es-iti/sdk/imt_sdk_win_64/imt_sdk_win_64/winarm/armgcc/bin/../lib/gcc/arm-none-eabi/7.2.1/../../../../arm-none-eabi/lib/thumb/v7-m\libg_nano.a(lib_a-nano-mallocr.o)
 .debug_frame   0x00000c88       0x3c d:/embedded_system/es-iti/sdk/imt_sdk_win_64/imt_sdk_win_64/winarm/armgcc/bin/../lib/gcc/arm-none-eabi/7.2.1/../../../../arm-none-eabi/lib/thumb/v7-m\libg_nano.a(lib_a-nano-reallocr.o)
 .debug_frame   0x00000cc4       0x2c d:/embedded_system/es-iti/sdk/imt_sdk_win_64/imt_sdk_win_64/winarm/armgcc/bin/../lib/gcc/arm-none-eabi/7.2.1/../../../../arm-none-eabi/lib/thumb/v7-m\libg_nano.a(lib_a-sbrkr.o)
 .debug_frame   0x00000cf0       0x30 d:/embedded_system/es-iti/sdk/imt_sdk_win_64/imt_sdk_win_64/winarm/armgcc/bin/../lib/gcc/arm-none-eabi/7.2.1/../../../../arm-none-eabi/lib/thumb/v7-m\libg_nano.a(lib_a-mlock.o)
 .debug_frame   0x00000d20       0x20 d:/embedded_system/es-iti/sdk/imt_sdk_win_64/imt_sdk_win_64/winarm/armgcc/bin/../lib/gcc/arm-none-eabi/7.2.1/../../../../arm-none-eabi/lib/thumb/v7-m\libg_nano.a(lib_a-nano-msizer.o)

.debug_str      0x00000000    0x58ba2
 *(.debug_str)
 .debug_str     0x00000000     0x7d03 ./system/src/newlib/_exit.o
                               0x7ed6 (size before relaxing)
 .debug_str     0x00007d03      0x4f5 ./system/src/newlib/_sbrk.o
                               0x7288 (size before relaxing)
 .debug_str     0x000081f8      0xbbd ./system/src/newlib/_startup.o
                               0x69c3 (size before relaxing)
 .debug_str     0x00008db5      0xe8b ./system/src/newlib/_syscalls.o
                               0x8163 (size before relaxing)
 .debug_str     0x00009c40      0x826 ./system/src/diag/Trace.o
                               0x864e (size before relaxing)
 .debug_str     0x0000a466    0x4b2b9 ./system/src/diag/trace_impl.o
                              0x52a34 (size before relaxing)
 .debug_str     0x0005571f       0xc4 ./system/src/cortexm/_initialize_hardware.o
                              0x4e825 (size before relaxing)
 .debug_str     0x000557e3      0x1a0 ./system/src/cortexm/exception_handlers.o
                              0x53c59 (size before relaxing)
 .debug_str     0x00055983      0x114 ./system/src/cmsis/system_stm32f10x.o
                              0x4e8bf (size before relaxing)
 .debug_str     0x00055a97       0x57 ./system/src/cmsis/vectors_stm32f10x.o
                               0x3864 (size before relaxing)
 .debug_str     0x00055aee      0x137 ./05-OS/SCHEDULER_config.o
                               0x2edc (size before relaxing)
 .debug_str     0x00055c25      0x14a ./05-OS/SCHEDULER_program.o
                               0x2fe4 (size before relaxing)
 .debug_str     0x00055d6f      0xbea ./03-APP/APP/APP.o
                               0x91dd (size before relaxing)
 .debug_str     0x00056959       0x11 ./03-APP/main.o
                               0x2e39 (size before relaxing)
 .debug_str     0x0005696a      0x7dc ./02-HAL/02-HCLCD/HCLCD_program.o
                               0x3ace (size before relaxing)
 .debug_str     0x00057146       0x61 ./02-HAL/01-SWITCH/SWITCH_config.o
                               0x361b (size before relaxing)
 .debug_str     0x000571a7       0xa7 ./02-HAL/01-SWITCH/SWITCH_program.o
                               0x374a (size before relaxing)
 .debug_str     0x0005724e       0x6b ./01-MCAL/05-UART/HUART.o
                               0x3201 (size before relaxing)
 .debug_str     0x000572b9       0x21 ./01-MCAL/05-UART/UART_config.o
                               0x31bc (size before relaxing)
 .debug_str     0x000572da     0x12ea ./01-MCAL/05-UART/UART_program.o
                               0x829c (size before relaxing)
 .debug_str     0x000585c4      0x160 ./01-MCAL/04-SYSTIC/SYSTICK_program.o
                               0x2fd2 (size before relaxing)
 .debug_str     0x00058724      0x26e ./01-MCAL/03-NVIC/NVIC_program.o
                               0x3fb1 (size before relaxing)
 .debug_str     0x00058992      0x114 ./01-MCAL/02-GPIO/GPIO_program.o
                               0x32f0 (size before relaxing)
 .debug_str     0x00058aa6       0xfc ./01-MCAL/01-RCC/RCC_program.o
                               0x32b8 (size before relaxing)

.debug_loc      0x00000000     0x1dc5
 *(.debug_loc)
 .debug_loc     0x00000000       0x85 ./system/src/newlib/_sbrk.o
 .debug_loc     0x00000085      0x1a9 ./system/src/newlib/_startup.o
 .debug_loc     0x0000022e       0x63 ./system/src/newlib/_syscalls.o
 .debug_loc     0x00000291       0xf6 ./system/src/diag/Trace.o
 .debug_loc     0x00000387      0x121 ./system/src/diag/trace_impl.o
 .debug_loc     0x000004a8      0x291 ./system/src/cortexm/exception_handlers.o
 .debug_loc     0x00000739       0xdf ./system/src/cmsis/system_stm32f10x.o
 .debug_loc     0x00000818       0x67 ./05-OS/SCHEDULER_program.o
 .debug_loc     0x0000087f       0x42 ./03-APP/main.o
 .debug_loc     0x000008c1      0x4e7 ./02-HAL/02-HCLCD/HCLCD_program.o
 .debug_loc     0x00000da8       0x21 ./02-HAL/01-SWITCH/SWITCH_config.o
 .debug_loc     0x00000dc9       0xd1 ./02-HAL/01-SWITCH/SWITCH_program.o
 .debug_loc     0x00000e9a      0x2b9 ./01-MCAL/05-UART/UART_program.o
 .debug_loc     0x00001153       0x7b ./01-MCAL/04-SYSTIC/SYSTICK_program.o
 .debug_loc     0x000011ce      0x292 ./01-MCAL/03-NVIC/NVIC_program.o
 .debug_loc     0x00001460      0x50e ./01-MCAL/02-GPIO/GPIO_program.o
 .debug_loc     0x0000196e      0x457 ./01-MCAL/01-RCC/RCC_program.o

.debug_macinfo
 *(.debug_macinfo)

.debug_weaknames
 *(.debug_weaknames)

.debug_funcnames
 *(.debug_funcnames)

.debug_typenames
 *(.debug_typenames)

.debug_varnames
 *(.debug_varnames)
OUTPUT(Project.elf elf32-littlearm)

.debug_ranges   0x00000000      0x450
 .debug_ranges  0x00000000       0x18 ./system/src/newlib/_exit.o
 .debug_ranges  0x00000018       0x10 ./system/src/newlib/_sbrk.o
 .debug_ranges  0x00000028       0x78 ./system/src/newlib/_startup.o
 .debug_ranges  0x000000a0       0x20 ./system/src/newlib/_syscalls.o
 .debug_ranges  0x000000c0       0x28 ./system/src/diag/Trace.o
 .debug_ranges  0x000000e8       0x50 ./system/src/diag/trace_impl.o
 .debug_ranges  0x00000138       0x18 ./system/src/cortexm/_initialize_hardware.o
 .debug_ranges  0x00000150       0x80 ./system/src/cortexm/exception_handlers.o
 .debug_ranges  0x000001d0       0x28 ./system/src/cmsis/system_stm32f10x.o
 .debug_ranges  0x000001f8       0x10 ./system/src/cmsis/vectors_stm32f10x.o
 .debug_ranges  0x00000208       0x10 ./05-OS/SCHEDULER_config.o
 .debug_ranges  0x00000218       0x28 ./05-OS/SCHEDULER_program.o
 .debug_ranges  0x00000240       0x18 ./03-APP/APP/APP.o
 .debug_ranges  0x00000258       0x10 ./03-APP/main.o
 .debug_ranges  0x00000268       0x68 ./02-HAL/02-HCLCD/HCLCD_program.o
 .debug_ranges  0x000002d0       0x10 ./02-HAL/01-SWITCH/SWITCH_config.o
 .debug_ranges  0x000002e0       0x40 ./02-HAL/01-SWITCH/SWITCH_program.o
 .debug_ranges  0x00000320       0x10 ./01-MCAL/05-UART/HUART.o
 .debug_ranges  0x00000330       0x40 ./01-MCAL/05-UART/UART_program.o
 .debug_ranges  0x00000370       0x38 ./01-MCAL/04-SYSTIC/SYSTICK_program.o
 .debug_ranges  0x000003a8       0x48 ./01-MCAL/03-NVIC/NVIC_program.o
 .debug_ranges  0x000003f0       0x30 ./01-MCAL/02-GPIO/GPIO_program.o
 .debug_ranges  0x00000420       0x30 ./01-MCAL/01-RCC/RCC_program.o

.debug_macro    0x00000000     0x3876
 .debug_macro   0x00000000      0x1b4 ./system/src/newlib/_exit.o
 .debug_macro   0x000001b4       0x9c ./system/src/newlib/_exit.o
 .debug_macro   0x00000250      0x10e ./system/src/newlib/_exit.o
 .debug_macro   0x0000035e       0x8d ./system/src/newlib/_exit.o
 .debug_macro   0x000003eb       0x43 ./system/src/newlib/_exit.o
 .debug_macro   0x0000042e      0x330 ./system/src/newlib/_exit.o
 .debug_macro   0x0000075e       0x35 ./system/src/newlib/_exit.o
 .debug_macro   0x00000793      0x169 ./system/src/newlib/_sbrk.o
 .debug_macro   0x000008fc      0x174 ./system/src/newlib/_sbrk.o
 .debug_macro   0x00000a70       0x10 ./system/src/newlib/_sbrk.o
 .debug_macro   0x00000a80      0x23b ./system/src/newlib/_sbrk.o
 .debug_macro   0x00000cbb      0x173 ./system/src/newlib/_startup.o
 .debug_macro   0x00000e2e      0x217 ./system/src/newlib/_syscalls.o
 .debug_macro   0x00001045       0x1c ./system/src/newlib/_syscalls.o
 .debug_macro   0x00001061       0x10 ./system/src/newlib/_syscalls.o
 .debug_macro   0x00001071       0x10 ./system/src/newlib/_syscalls.o
 .debug_macro   0x00001081       0x10 ./system/src/newlib/_syscalls.o
 .debug_macro   0x00001091       0x35 ./system/src/newlib/_syscalls.o
 .debug_macro   0x000010c6      0x122 ./system/src/newlib/_syscalls.o
 .debug_macro   0x000011e8       0x88 ./system/src/newlib/_syscalls.o
 .debug_macro   0x00001270       0x2b ./system/src/newlib/_syscalls.o
 .debug_macro   0x0000129b      0x118 ./system/src/newlib/_syscalls.o
 .debug_macro   0x000013b3      0x189 ./system/src/newlib/_syscalls.o
 .debug_macro   0x0000153c       0x16 ./system/src/newlib/_syscalls.o
 .debug_macro   0x00001552      0x1fb ./system/src/diag/Trace.o
 .debug_macro   0x0000174d       0x16 ./system/src/diag/Trace.o
 .debug_macro   0x00001763       0x97 ./system/src/diag/Trace.o
 .debug_macro   0x000017fa       0xfd ./system/src/diag/Trace.o
 .debug_macro   0x000018f7       0x10 ./system/src/diag/Trace.o
 .debug_macro   0x00001907       0x16 ./system/src/diag/Trace.o
 .debug_macro   0x0000191d      0x16f ./system/src/diag/Trace.o
 .debug_macro   0x00001a8c       0x4c ./system/src/diag/Trace.o
 .debug_macro   0x00001ad8       0x16 ./system/src/diag/Trace.o
 .debug_macro   0x00001aee      0x2da ./system/src/diag/trace_impl.o
 .debug_macro   0x00001dc8       0x10 ./system/src/diag/trace_impl.o
 .debug_macro   0x00001dd8       0xcf ./system/src/diag/trace_impl.o
 .debug_macro   0x00001ea7       0xbe ./system/src/diag/trace_impl.o
 .debug_macro   0x00001f65       0x22 ./system/src/diag/trace_impl.o
 .debug_macro   0x00001f87      0x16b ./system/src/cortexm/_initialize_hardware.o
 .debug_macro   0x000020f2      0x324 ./system/src/cortexm/exception_handlers.o
 .debug_macro   0x00002416       0x3b ./system/src/cortexm/exception_handlers.o
 .debug_macro   0x00002451       0x10 ./system/src/cortexm/exception_handlers.o
 .debug_macro   0x00002461      0x16e ./system/src/cmsis/system_stm32f10x.o
 .debug_macro   0x000025cf       0x34 ./system/src/cmsis/vectors_stm32f10x.o
 .debug_macro   0x00002603       0x2c ./05-OS/SCHEDULER_config.o
 .debug_macro   0x0000262f       0x22 ./05-OS/SCHEDULER_config.o
 .debug_macro   0x00002651       0x16 ./05-OS/SCHEDULER_config.o
 .debug_macro   0x00002667       0x16 ./05-OS/SCHEDULER_config.o
 .debug_macro   0x0000267d       0x35 ./05-OS/SCHEDULER_program.o
 .debug_macro   0x000026b2       0x16 ./05-OS/SCHEDULER_program.o
 .debug_macro   0x000026c8      0x247 ./03-APP/APP/APP.o
 .debug_macro   0x0000290f      0x118 ./03-APP/APP/APP.o
 .debug_macro   0x00002a27       0xee ./03-APP/APP/APP.o
 .debug_macro   0x00002b15       0x82 ./03-APP/APP/APP.o
 .debug_macro   0x00002b97       0x76 ./03-APP/APP/APP.o
 .debug_macro   0x00002c0d       0x28 ./03-APP/APP/APP.o
 .debug_macro   0x00002c35       0x1c ./03-APP/APP/APP.o
 .debug_macro   0x00002c51       0x2d ./03-APP/main.o
 .debug_macro   0x00002c7e       0x98 ./02-HAL/02-HCLCD/HCLCD_program.o
 .debug_macro   0x00002d16       0xfa ./02-HAL/02-HCLCD/HCLCD_program.o
 .debug_macro   0x00002e10       0x3e ./02-HAL/01-SWITCH/SWITCH_config.o
 .debug_macro   0x00002e4e       0x47 ./02-HAL/01-SWITCH/SWITCH_program.o
 .debug_macro   0x00002e95       0x39 ./01-MCAL/05-UART/HUART.o
 .debug_macro   0x00002ece       0x23 ./01-MCAL/05-UART/UART_config.o
 .debug_macro   0x00002ef1      0x206 ./01-MCAL/05-UART/UART_program.o
 .debug_macro   0x000030f7      0x640 ./01-MCAL/05-UART/UART_program.o
 .debug_macro   0x00003737       0x28 ./01-MCAL/05-UART/UART_program.o
 .debug_macro   0x0000375f       0x44 ./01-MCAL/04-SYSTIC/SYSTICK_program.o
 .debug_macro   0x000037a3       0x16 ./01-MCAL/04-SYSTIC/SYSTICK_program.o
 .debug_macro   0x000037b9       0x59 ./01-MCAL/03-NVIC/NVIC_program.o
 .debug_macro   0x00003812       0x35 ./01-MCAL/02-GPIO/GPIO_program.o
 .debug_macro   0x00003847       0x2f ./01-MCAL/01-RCC/RCC_program.o
